[  0.00000]niializingcgoup bs cput[  00000 Itializing cgrup ssys cpu
    0000] Inialzinggrp susycpacct
[   .0000]inx veio4.4.0--gneri(bldd@lgw0-0) (gc verio5..0 2609 (Ubuntu 5..0-6buu116.0.4) 116-UbutuMPFri Au111:17:5 U 2017 Ubtu 4.4.0-3.11geeric4.4.79
    0000] Comanlie: BOOT_MA=/boot/vmlinuz-4.0--generic root=LAL=oudimg-root r consolety conletyS0
   00000] RNL supoedcpus
[  0.0000  Inte GuieIel
[  0.0000]   AMD AuthenticAMD
[   0000] Centr ntaurHul
[   0000] x8/fu:state_offset[2]:  576,stteiz[2]:  56[   .0000] x86pu Spoing XSAVE atur0x: 'x87 floating pot egsters'[    00000 x86/fpu SpporingXSAVE feature 0x02: 'SSE registers'
[    0.000000] x86/fpu: Supporting XSAVE feature 0x04: 'AVX registers'
[    0.000000] x86/fpu: Enabled xstate features 0x7, context size is 832 bytes, using 'standard' format.
[    0.000000] x86/fpu: Using 'lazy' FPU context switches.
[    0.000000] e820: BIOS-provided physical RAM map:
[    0.000000] IO-e820: [mem 0x000000000000000-0x0000000009ff] usabl
[    0.00000BIS-e20[mm 0x00000009fc0-000000000fff] rervd
[  00000] IOe820: [me 0000000f000-00000000ff] reseed
[   00000] BIOS-e80: [mm 0x00000000100000-0000003eff] usble
    0.000000 BOSe820: [em0x0000003f0000-0x000000fffffff] ACPI data
[    0.000000] BIOS-e820: [mem 0x00000000fffc0000-0x00000000ffffffff] reserved
[    0.000000] NX (Execute Disable) protection: active
[    0.000000] SMBIOS 2.5 present.
[    0.000000] Hypervisor detected: KVM
[    0.000000] e820: last_pfn = 0x3fff0 max_arch_pfn = 0x400000000
[    0.000000] MTRR: Disabled
[   00000] x86/PAT: MTRRs disabld,skipngPAT nialzationto
    0.00000CPU TR al blnk vrtuazesystem.
[   0.00000] x86/PAT Cfiguratio [-7: B  W U- UC WB  W U UC 
[  0.000000] fund SM Mtable a [m 0x000ff-00009ffmapp a[ffff880000ff0]   0.000 Scain1 ars r lo mor corptn
[  00000 RDISK[mm x36ac4000-0x759f]
[  000000]AC: arlyab chesuverificiodisabld[   .0000]AC: SDP x00000000E00 00024 (v02 VBOX  )
[  000000] PI: XST 00000003FFF0030 0000 (01 VBO  BOXSDT 00001 ASL 000061)
[   00000] AC: CP 0x000000003FF00F0 004 vv04BO  VBFA 00000ASL  0000001)[    0.000000] ACPI: DSDT 0x00000003F0470 001E0B (01 VBX VBXBIO 00002 INTL 200028)
[    0.000000] ACPI:FAS 0x000003F02 00004
    0.00000] ACPI: FACS 0x000000003FFF0200 000040
[    0.000000] ACPI: APIC 0x000000003FFF0240 00005C (v02 VBOX   VBOXAPIC 00000001 ASL  00000061
  0.00000] CP: SSDT0x000000FF2A0 001C(v1 VBOX   VBOXCPU000002 IL 01028
[    0.000000] No UMconfguraonfoun
  0.0000Faking a node atmem 00000000000000-0000000feff]   0.00000 NODEDA(0 allat [me 0ffb000-0x3efff
   0.00] kvm-clock: Uin ms 4564d01 a 4564d00[   0.000000 kvm-clockcpu  mr 0:3f30, primarcpclock    0000] kvmlok: using schd ofse o 297187155 cycles
[   0.000] closorce:vmlock: sk 0xffffffffff ax_cycles: 0x1cd42e4dfb,ax_idle_s:81590514 ns
[    000000] Zon rnges:[   0.000]  DM   [me 00000000100-00000000fffff
[    000000   DMA32  [mem0x000000001000000-0x00000003fefff]
[    0.000000]   Normal   empty
[    0.000000]   Device   emty
[    0.00000Movabl ze tart fr ch node
[    0.00000Ealy mornode rages[    0.00000]   de 0: me0x00000000000-x0000009ff]
[   .00000]  de  0:me0x00000000000000-0x0000003ffeffff][   0.00] Initmem setupnode 0 [m 0x000000000000100-0000000feff]
[  0.00000 APIPMimerO rt: 0x408[    000000 IOAC[: ap_i2, vsi 17, addes0xfe00, GSI -2
[    0.00000] ACI: INT_SRCOVR (bs 0 bu_i 0glol_q 2 l l)
[   0.0000] CP INT_S_OVR(bus 0 busrq 9 gbairq  hh evel
  0.000000]Usng ACPI MA) fo S cnfiguration nfoatn
[    0.000] smbo: llowing2 PU,  hplg CPUs
[   .00000] PM Ristered noav memory: [mem0x00000-0x0000f]
[    0.000000] PM: Reiseredose memo: mem 0x009f0-0x0009ff
[    0.000] PM: Registered nosave emry: me0x00a00-000eff
[    00000 PM:Resterd noav mmory: emx000f0000x00fffff
[   0.00000]820:me0x40000000-0ffbfff] aiabe r CI devices
[    0.000 Bootngarvirtaledkern oKVM   0.000] lockur: rein-jffies:ma: xxffffffff ax_cyces: 0ffffff, ma_ie_ns: 64190021158 
[    00000 setup_perpu: _CS:512 nrpumask_bits:51 n_cpid2 nrodids:1[  0.00000PECP Eedded 4 ge/cpuff88003fc0000s98328r82 d32744 u1048576
[    0.0000] PV qspilockhah abl eris: 256 (orde: , 4096 bte
[    00000] Built 1 onelists in Noe orr,obili gupin o  otal pags:57913[  0.00000] oliczo: DM32[    0.000] Kene cmand lne BOO_IMAGE/bt/mlinuz-.4-93-generic oo=LABEL=cludmg-roots  cnsole=tycosolett0
[  000000 P hsh tlentrie 46 (oer3, 376byes
[   .000000]emry: 0024/10481K ailabe 47K kenecode, 124Kwdata, 384roat 12K init,13K bss,46396Kreerved0Kma-rerd)
  0.00000] LU Halign=, rder-3MinObjects=0,CP=2, od=1
[  000000]Hiarhical RU plemenatn.
[   00000] 	Build-time adjstntof lf nout to 64.
    0.000] RCU esriing CPUs fromNR_PU512  ncpu_s=
[    0.00000]RCU:djting gemey forcfanoutlef=4, nr_u_s=2
[   0000] _IRQ:33024 nr_irqs:440 1
[   0.00000]Conso: olou V+ 0x25
  0.0000] onle [y1enable
   0.00000] conol[tty0]naled
[    0.000000] tsc: Detected 2194.918 MHz processor
[   23.661518] Calibrating delay loop (skipped) preset value.. 4389.83 BogoMIPS (lpj=8779672)
[   23.838762] pid_max: default: 32768 minimum: 301
[   23.847478] ACPI: Core revision 20150930
[   23.849254] ACPI: 2 ACPI AML tables successfully acquired and loaded
[   24.007796] Security Framework initialized
[   24.099791] Yama: becoming mindful.
[   24.179744] AppArmor: AppArmor initialized
[   24.271030] Dentry cache hash table entries: 131072 (order: 8, 1048576 bytes)
[   24.421602] Inode-cache hash table entries: 65536 (order: 7, 524288 bytes)
[   24.548692] Mount-cache hash table entries: 2048 (order: 2, 16384 bytes)
[   24.695712] Mountpoint-cache hash table entries: 2048 (order: 2, 16384 bytes)
[   24.850331] Initializing cgroup subsys io
[   24.957577] Initializing cgroup subsys memory
[   25.063297] Initializing cgroup subsys devices
[   25.165810] Initializing cgroup subsys freezer
[   25.271627] Initializing cgroup subsys net_cls
[   25.364235] Initializing cgroup subsys perf_event
[   25.468270] Initializing cgroup subsys net_prio
[   25.568164] Initializing cgroup subsys hugetlb
[   25.667177] Initializing cgroup subsys pids
[   25.744010] CPU: Physical Processor ID: 0
[   25.835258] CPU: Processor Core ID: 0
[   25.909928] mce: CPU supports 0 MCE banks
[   25.998146] Last level iTLB entries: 4KB 1024, 2MB 1024, 4MB 1024
[   26.135893] Last level dTLB entries: 4KB 1024, 2MB 1024, 4MB 1024, 1GB 4
[   26.289747] Freeing SMP alternatives memory: 32K (ffffffff820ba000 - ffffffff820c2000)
[   26.466368] ftrace: allocating 32136 entries in 126 pages
[   26.622197] smpboot: APIC(0) Converting physical 0 to logical package 0
[   26.727612] smpboot: Max logical packages: 1
[   26.784810] ..TIMER: vector=0x30 apic1=0 pin1=2 apic2=-1 pin2=-1
[   27.059638] smpboot: CPU0: Intel(R) Core(TM) i7-4770HQ CPU @ 2.20GHz (family: 0x6, model: 0x46, stepping: 0x1)
[   27.291717] Performance Events: unsupported p6 CPU model 70 no PMU driver, software events only.
[   27.293472] KVM setup paravirtual spinlock
[   27.373403] x86: Booting SMP configuration:
[   27.469559] .... node  #0, CPUs:      #1
[   27.547692] kvm-clock  cpu 1, msr 0:3ffe3041, secondary cpu clock
[   27.694894] mce: CPU supports 0 MCE banks
[   27.718731] x86: Booted up 1 node, 2 CPUs
[   27.748694] smpboot: Total of 2 processors activated (8779.67 BogoMIPS)
[   27.750269] devtmpfs: initialized
[   27.753521] evm: security.selinux
[   27.754231] evm: security.SMACK64
[   27.765284] evm: security.SMACK64EXEC
[   27.815997] evm: security.SMACK64TRANSMUTE
[   27.828624] evm: security.SMACK64MMAP
[   27.843710] evm: security.ima
[   27.852922] evm: security.capability
[   27.897787] clocksource: jiffies: mask: 0xffffffff max_cycles: 0xffffffff, max_idle_ns: 7645041785100000 ns
[   28.143472] futex hash table entries: 512 (order: 3, 32768 bytes)
[   28.287530] pinctrl core: initialized pinctrl subsystem
[   28.392936] RTC time: 15:12:02, date: 02/06/18
[   28.475661] NET: Registered protocol family 16
[   28.582086] cpuidle: using governor ladder
[   28.702293] cpuidle: using governor menu
[   28.785057] PCCT header not found.
[   28.867021] ACPI: bus type PCI registered
[   28.916496] acpiphp: ACPI Hot Plug PCI Controller Driver version: 0.5
[   28.973036] PCI: Using configuration type 1 for base access
[   29.115793] ACPI: Added _OSI(Module Device)
[   29.205882] ACPI: Added _OSI(Processor Device)
[   29.310383] ACPI: Added _OSI(3.0 _SCP Extensions)
[   29.420569] ACPI: Added _OSI(Processor Aggregator Device)
[   29.546748] ACPI: Executed 1 blocks of module-level executable AML code
[   29.699216] ACPI: Interpreter enabled
[   29.781847] ACPI: (supports S0 S5)
[   29.861797] ACPI: Using IOAPIC for interrupt routing
[   29.954300] PCI: Using host bridge windows from ACPI; if necessary, use "pci=nocrs" and report a bug
[   30.049541] ACPI: PCI Root Bridge [PCI0] (domain 0000 [bus 00-ff])
[   30.185673] acpi PNP0A03:00: _OSC: OS supports [ASPM ClockPM Segments MSI]
[   30.310095] acpi PNP0A03:00: _OSC failed (AE_NOT_FOUND); disabling ASPM
[   30.455883] acpi PNP0A03:00: fail to add MMCONFIG information, can't access extended PCI configuration space under this bridge.
[   30.749701] PCI host bridge to bus 0000:00
[   30.852881] pci_bus 0000:00: root bus resource [io  0x0000-0x0cf7 window]
[   30.987015] pci_bus 0000:00: root bus resource [io  0x0d00-0xffff window]
[   31.115135] pci_bus 0000:00: root bus resource [mem 0x000a0000-0x000bffff window]
[   31.140211] pci_bus 0000:00: root bus resource [mem 0x40000000-0xffdfffff window]
[   31.141638] pci_bus 0000:00: root bus resource [bus 00-ff]
[   31.144175] pci 0000:00:01.1: legacy IDE quirk: reg 0x10: [io  0x01f0-0x01f7]
[   31.145319] pci 0000:00:01.1: legacy IDE quirk: reg 0x14: [io  0x03f6]
[   31.146423] pci 0000:00:01.1: legacy IDE quirk: reg 0x18: [io  0x0170-0x0177]
[   31.262788] pci 0000:00:01.1: legacy IDE quirk: reg 0x1c: [io  0x0376]
[   31.431215] ACPI: PCI Interrupt Link [LNKA] (IRQs 5 9 10 11) *0, disabled.
[   31.578910] ACPI: PCI Interrupt Link [LNKB] (IRQs 5 9 10 *11)
[   31.694873] ACPI: PCI Interrupt Link [LNKC] (IRQs 5 9 *10 11)
[   31.816656] ACPI: PCI Interrupt Link [LNKD] (IRQs 5 *9 10 11)
[   31.929080] ACPI: Enabled 2 GPEs in block 00 to 07
[   32.039623] vgaarb: setting as boot device: PCI:0000:00:02.0
[   32.159804] vgaarb: device added: PCI:0000:00:02.0,decodes=io+mem,owns=io+mem,locks=none
[   32.282033] vgaarb: loaded
[   32.335340] vgaarb: bridge control possible 0000:00:02.0
[   32.461405] SCSI subsystem initialized
[   32.522325] ACPI: bus type USB registered
[   32.627900] usbcore: registered new interface driver usbfs
[   32.749042] usbcore: registered new interface driver hub
[   32.873185] usbcore: registered new device driver usb
[   32.988654] PCI: Using ACPI for IRQ routing
[   33.084245] NetLabel: Initializing
[   33.154264] NetLabel:  domain hash size = 128
[   33.241592] NetLabel:  protocols = UNLABELED CIPSOv4
[   33.307283] NetLabel:  unlabeled traffic allowed by default
[   33.348503] amd_nb: Cannot enumerate AMD northbridges
[   33.459995] clocksource: Switched to clocksource kvm-clock
[   335970Aprm: pAorilysem Enabled
[ 34527]npPn APIni
[  34.407597] pnp: PnP ACPI: found 3 devices

[   34.437768] clocksource: acpi_pm: mask: 0xffffff max_cycles: 0xffffff, max_idle_ns: 2085701024 ns
[   34.862320] NET: Registered protocol family 2
[   35.025416] TCP established hash table entries: 8192 (order: 4, 65536 bytes)
[   35.371289] TCP bind hash table entries: 8192 (order: 5, 131072 bytes)
[   35.500213] TCP: Hash tables configured (established 8192 bind 8192)
[   35.522475] UDP hash table entries: 512 (order: 2, 16384 bytes)
[   35.704591] UDP-Lite hash table entries: 512 (order: 2, 16384 bytes)
[   55.950982] NET: Registered protocol family 1
[   36.196527] pci 0000:00:00.0: Limiting direct PCI/PCI transfers
[   36.500852] pci 0000:00:01.0: Activating ISA DMA hang workarounds
[   36.592949] Unpacking initramfs...
[   38.167646] Freeing initrd memory: 10840K (ffff880036ac4000 - ffff88003755a000)
[   38.371043] platform rtc_cmos: registered platform RTC device (no PNP device found)
[   38.661662] Scanning for low memory corruption every 60 seconds
[   38.773160] audit: initializing netlink subsys (disabled)
[   38.789432] audit: type=2000 audit(1517929904.953:1): initialized
[   38.805863] Initialise system trusted keyring
[   38.987346] HugeTLB registered 2 MB page size, pre-allocated 0 pages
[   39.182489] zbud: loaded
[   39.296195] VFS: Disk quotas dquot_6.6.0
[   39.460606] tsc: Refined TSC clocksource calibration: 2194.919 MHz
[   39.711420] clocksource: tsc: mask: 0xffffffffffffffff max_cycles: 0x1fa372fc492, max_idle_ns: 440795285018 ns
[   39.711550] VFS: Dquot-cache hash table entries: 512 (order 0, 4096 bytes)
ÿ[   39.711772] squashfs: version 4.0 (2009/01/31) Phillip Lougher
[   39.869474] fuse init (API version 7.23)
[   39.869633] Key type big_key registered
[   39.869651] Allocating IMA MOK and blacklist keyrings.
[   39.869905] Key type asymmetric registered
[   39.869913] Asymmetric key parser 'x509' registered
[   39.869974] Block layer SCSI generic (bsg) driver version 0.4 loaded (major 249)
[   39.870023] io scheduler noop registered
[   39.870025] io scheduler deadline registered (default)
[   39.870055] io scheduler cfq registered
[   39.870160] pci_hotplug: PCI Hot Plug PCI Core version: 0.5
[   39.870164] pciehp: PCI Express Hot Plug Controller Driver version: 0.4
[   39.870531] ACPI: AC Adapter [AC] (off-line)
[   39.870633] input: Power Button as /devices/LNXSYSTM:00/LNXPWRBN:00/input/input0
[   39.870636] ACPI: Power Button [PWRF]
[   39.870711] input: Sleep Button as /devices/LNXSYSTM:00/LNXSLPBN:00/input/input1
[   39.870713] ACPI: Sleep Button [SLPF]
[   39.870866] GHES: HEST is not enabled!
[   39.871925] ACPI: Battery Slot [BAT0] (battery present)
[   39.871969] Serial: 8250/16550 driver, 32 ports, IRQ sharing enabled
[   39.906349] 00:02: ttyS0 at I/O 0x3f8 (irq = 4, base_baud = 115200) is a 16550A
[   40.122688] Linux agpgart interface v0.103
[   40.217276] loop: module loaded
[   40.217764] scsi host0: ata_piix
[   40.217810] scsi host1: ata_piix
[   40.217835] ata1: PATA max UDMA/33 cmd 0x1f0 ctl 0x3f6 bmdma 0xd000 irq 14
[   40.217835] ata2: PATA max UDMA/33 cmd 0x170 ctl 0x376 bmdma 0xd008 irq 15
[   40.217899] libphy: Fixed MDIO Bu:: probed
[   40.217901] tun: Universal TUN/TAP device driver, 1.6
[   40.217901] tun: (C) 1999-2004 Max Krasnyansky <maxk@qualcomm.com>
[   40.218188] PPP generic driver version 2.4.2
[   40.218248] ehci_hcd: USB 2.0 'Enhanced' Host Controller (EHCI) Driver
[   40.218253] ehci-pci: EHCI PCI platform driver
[   40.218267] ehci-platform: EHCI generic platform driver
[   40.218274] ohci_hcd: USB 1.1 'Open' Host Controller (OHCI) Driver
[   40.218777] ohci-pci: OHCI PCI platform driver
[   40.218883] ohci-platform: OHCI generic platform driver
[   40.218289] uhci_hcd: USB Universal Host Controller Interface driver
[   40.218337] i8042: PNP: PS/2 Controller [PNP0303:PS2K,PNP0f03:PS2M] at 0x60,0x64 irq 1,12
[   40.218790] serio: i8042 KBD port at 0x60,0x64 irq 1
[   40.218793] serio: i8042 AUX port at 0x60,0x64 irq 12
[   40.218874] mousedev: PS/2 mouse device common for all mice
[   40.219120] input: AT Translated Set 2 keyboard as /devices/platform/i8042/serio0/input/input2
[   40.219413] rtc_cmos rtc_cmos: rtc core: registered rtc_cmos as rtc0
[   40.219465] rtc_cmos rtc_cmos: alarms up to one day, 114 bytes nvram
[   40.219470] i2c /dev entries driver
[   40.219518] device-mapper: uevent: version 1.0.3
[   40.219560] device-mapper: ioctl: 4.34.0-ioctl (2015-10-28) initialised: dm-devel@redhat.com
[   40.219572] ledtrig-cpu: registered to indicate activity on CPUs
[   40.220044] NET: Registered protocol family 10
[   40.220185] NET: Registered protocol family 17
[   40.220193] Key type dns_resolver registered
[   40.220307] microcode: CPU0 sig=0x40661, pf=0x40, revision=0x0
[   40.298501] microcode: CPU1 sig=0x40661, pf=0x40, revision=0x0
[   40.298586] microcode: Microcode Update Driver: v2.01 <tigran@aivazian.fsnet.co.uk>, Peter Oruba
[   40.298719] registered taskstats version 1
[   40.298734] Loading compiled-in X.509 certificates
[   40.299348] Loaded X.509 cert 'Build time autogenerated kernel key: a6f98c496ad22cf23b77f8fe21ff88c41791cbd4'
[   40.299367] zswap: loaded using pool lzo/zbud
[   40.300678] Key type trusted registered
[   40.303118] Key type encrypted registered
[   40.303124] AppArmor: AppArmor sha1 policy hashing enabled
[   40.303127] ima: No TPM chip found, activating TPM-bypass!
[   40.303144] evm: HMAC attrs: 0x1
[   40.303425]   Magic number: 6:184:234
[   40.440770] rtc_cmos rtc_cmos: setting system clock to 2018-02-06 15:12:14 UTC (1517929934)
[   40.440898] BIOS EDD facility v0.16 2004-Jun-25, 0 devices found
[   40.440899] EDD information not available.
[   48.666415] Freeing unused kernel memory: 1492K (ffffffff81f45000 - ffffffff820ba000)
[   48.667844] Write protecting the kernel read-only data: 14336k
[   48.962623] Freeing unused kernel memory: 1748K (ffff88000184b000 - ffff880001a00000)
[   50.241230] Freeing unused kernel memory: 112K (ffff880001de4000 - ffff880001e00000)
Loading, please wait...
[   50.422762] random: systemd-udevd: uninitialized urandom read (16 bytes read, 5 bits of entropy available)
starting version[   50.423273] random: udevadm: uninitialized urandom read (16 bytes read, 5 bits of entropy available)
 229
[   50.423303] random: udevadm: uninitialized urandom read (16 bytes read, 5 bits of entropy available)
[   50.423402] random: udevadm: uninitialized urandom read (16 bytes read, 5 bits of entropy available)
[   50.423438] random: udevadm: uninitialized urandom read (16 bytes read, 5 bits of entropy available)
[   50.423470] random: udevadm: uninitialized urandom read (16 bytes read, 5 bits of entropy available)
[   50.423502] random: udevadm: uninitialized urandom read (16 bytes read, 5 bits of entropy available)
[   50.423533] random: udevadm: uninitialized urandom read (16 bytes read, 5 bits of entropy available)
[   50.423564] random: udevadm: uninitialized urandom read (16 bytes read, 5 bits of entropy available)
[   50.423594] random: udevadm: uninitialized urandom read (16 bytes read, 5 bits of entropy available)
[   51.087028] e1000: Intel(R) PRO/1000 Network Driver - version 7.3.21-k8-NAPI
[   51.290643] e1000: Copyright (c) 1999-2006 Intel Corporation.
[   51.505149] Fusion MPT base driver 3.04.20
[   51.660660] Copyright (c) 1999-2008 LSI Corporation
[   51.851587] AVX version of gcm_enc/dec engaged.
[   51.917009] AES CTR mode by8 optimization enabled
[   51.955355] Fusion MPT SPI Host driver 3.04.20
[   52.277393] input: ImExPS/2 Generic Explorer Mouse as /devices/platform/i8042/serio1/input/input4
[   52.420081] e1000 0000:00:03.0 eth0: (PCI:33MHz:32-bit) 02:04:e4:df:e4:d8
[   52.420085] e1000 0000:00:03.0 eth0: Intel(R) PRO/1000 Network Connection
[   52.776056] e1000 0000:00:08.0 eth1: (PCI:33MHz:32-bit) 08:00:27:e2:d4:2b
[   52.776058] e1000 0000:00:08.0 eth1: Intel(R) PRO/1000 Network Connection
[   53.033513] e1000 0000:00:03.0 enp0s3: renamed from eth0
[   53.033697] mptbase: ioc0: Initiating bringup
[   53.064766] e1000 0000:00:08.0 enp0s8: renamed from eth1
[   53.213025] ioc0: LSI53C1030 A0: Capabilities={Initiator}
[   53.692997] scsi host2: ioc0: LSI53C1030 A0, FwRev=00000000h, Ports=1, MaxQ=256, IRQ=20
[   54.514715] floppy0: no floppy controllers found
[   55.077304] scsi 2:0:0:0: Direct-Access     VBOX     HARDDISK         1.0  PQ: 0 ANSI: 5
[   55.216167] scsi target2:0:0: Beginning Domain Validation
[   55.229156] scsi target2:0:0: Domain Validation skipping write tests
[   55.241813] scsi target2:0:0: Ending Domain Validation
[   55.466392] scsi target2:0:0: asynchronous
[   55.712407] scsi 2:0:1:0: Direct-Access     VBOX     HARDDISK         1.0  PQ: 0 ANSI: 5
[   56.071506] scsi target2:0:1: Beginning Domain Validation
[   56.293372] scsi target2:0:1: Domain Validation skipping write tests
[   56.318293] scsi target2:0:1: Ending Domain Validation
[   56.406564] scsi target2:0:1: asynchronous
[   56.556445] sd 2:0:0:0: Attached scsi generic sg0 type 0
[   56.556457] sd 2:0:0:0: [sda] 20971520 512-byte logical blocks: (10.7 GB/10.0 GiB)
[   56.556628] sd 2:0:0:0: [sda] Write Protect is off
[   56.556705] sd 2:0:0:0: [sda] Incomplete mode parameter data
[   56.556706] sd 2:0:0:0: [sda] Assuming drive cache: write through
[   56.557802]  sda: sda1
[   56.558315] sd 2:0:0:0: [sda] Attached SCSI disk
[   57.169839] sd 2:0:1:0: Attached scsi generic sg1 type 0
[   57.170050] sd 2:0:1:0: [sdb] 20480 512-byte logical blocks: (10.5 MB/10.0 MiB)
[   57.170369] sd 2:0:1:0: [sdb] Write Protect is off
[   57.170521] sd 2:0:1:0: [sdb] Incomplete mode parameter data
[   57.170522] sd 2:0:1:0: [sdb] Assuming drive cache: write through
[   57.172304] sd 2:0:1:0: [sdb] Attached SCSI disk
Begin: Loading e[   58.745793] md: linear personality registered for level -1
ssential drivers[   59.033738] md: multipath personality registered for level -4
 ... [   59.175758] md: raid0 personality registered for level 0
[   59.315510] md: raid1 personality registered for level 1
[   59.488194] raid6: sse2x1   gen()  9823 MB/s
[   59.668242] raid6: sse2x1   xor()  6998 MB/s
[   59.828218] raid6: sse2x2   gen() 13090 MB/s
[   59.984296] raid6: sse2x2   xor()  8730 MB/s
[   60.160291] raid6: sse2x4   gen() 15059 MB/s
[   60.308240] raid6: sse2x4   xor() 10084 MB/s
[   60.404849] raid6: using algorithm sse2x4 gen() 15059 MB/s
[   60.516775] raid6: .... xor() 10084 MB/s, rmw enabled
[   60.635452] raid6: using ssse3x2 recovery algorithm
[   60.707738] xor: automatically using best checksumming function:
[   60.760062]    avx       : 20201.000 MB/sec
[   61.053473] async_tx: api initialized (async)
[   61.178731] md: raid6 personality registered for level 6
[   61.294299] md: raid5 personality registered for level 5
[   61.408910] md: raid4 personality registered for level 4
[   61.559386] md: raid10 personality registered for level 10
done.
Begin: Running /scripts/init-premount ... done.
Begin: Mounting root file system ... Beg[   61.815683] Btrfs loaded
in: Running /scripts/local-top ... done.
Begin: Running /scripts/local-premount ... Scanning for Btrfs filesystems
done.
Warning: fsck no[   61.856766] EXT4-fs (sda1): mounted filesystem with ordered data mode. Opts: (null)
t present, so skipping root file system
done.
Begin: Running /scripts/local-bottom ... done.
Begin: Running /scripts/init-bottom ... done.
[   62.250850] systemd[1]: systemd 229 running in system mode. (+PAM +AUDIT +SELINUX +IMA +APPARMOR +SMACK +SYSVINIT +UTMP +LIBCRYPTSETUP +GCRYPT +GNUTLS +ACL +XZ -LZ4 +SECCOMP +BLKID +ELFUTILS +KMOD -IDN)
[   62.255344] systemd[1]: Detected virtualization oracle.
[   62.256325] systemd[1]: Detected architecture x86-64.

Welcome to [1mUbuntu 16.04.3 LTS[0m!

[   62.259366] systemd[1]: Set hostname to <ubuntu>.
[   62.294546] systemd[1]: Initializing machine ID from random generator.
[   62.449086] systemd[1]: Installed transient /etc/machine-id file.
[   62.676922] systemd[1]: Listening on LVM2 metadata daemon socket.
[[0;32m  OK  [0m] Listening on LVM2 metadata daemon socket.
[ 628745 sysem1]Lienngn url diSoet

[[0;32m  OK  [0m] Listening on Journal Audit Socket.
[ 634494] systmd]:isni oud Krnl Socket
[[0;32m  OK  [0m] Listening on udev Kernel Socket.
[   64.0893]ysmd]:isni o/d/initctl Comatily mePi.
[[0;32m  OK  [0m] Listening on /dev/initctl Compatibility Named Pipe.
[ 64842] systemd[1]:Set up auomntrbra EcublFi FmatsilSyemutmounPot.
[[0;32m  OK  [0m] Set up automount Arbitrary Executab...ats File System Automount Point.
[ 65940792 ste[1 Lisni oJorn Ske
[[0;32m  OK  [0m] Listening on Journal Socket.
[   66.508608] systemd[1: istenig  Jrn Ske(/v/g).
[[0;32m  OK  [0m] Listening on Journal Socket (/dev/log).
[ 67093]ystem[1]: Reached target User and Group Name Lookups.

[[0;32m  OK  [0m] Reached target User and Group Name Lookups.
[   67.317686] systemd[1]: Created slice User and Session Slice.
[[0;32m  OK  [0m] Created slice User and Session Slice.
[ 67610]systemd[1]:Rehetarget Encrypted Volumes.
[[0;32m  OK  [0m] Reached target Encrypted Volumes.
[ 67967]ysemd[]:isni oud Ctr Sket
[[0;32m  OK  [0m] Listening on udev Control Socket.
[ 684675sytemd[1]: Liseng  Dic-mpeevnt dem FIFOs.
[[0;32m  OK  [0m] Listening on Device-mapper event daemon FIFOs.
[ 69924]ysmd]:Started Trigger resolvconf update for networkd DNS.

[[0;32m  OK  [0m] Started Trigger resolvconf update for networkd DNS.
[ 6960619]sytemd[1]: StartedFoarPawo RqutstoalDicty tc
[[0;32m  OK  [0m] Started Forward Password Requests to Wall Directory Watch.
[ 7021013] sstmd[1: stenin oLV pl em ske
[[0;32m  OK  [0m] Listening on LVM2 poll daemon socket.
[ 71440]ysmd]:reedlie System Sic
[[0;32m  OK  [0m] Created slice System Slice.
[   71.672238] systemd[1]: Starting Uncomplicated firewall...
         Starting Uncomplicated firewall...
[   71.701655] systemd[1]: Starting Remount Root and Kernel File Systems...
[   71.848873] random: nonblocking pool is initialized
         [   71.915430] EXT4-fs (sda1): re-mounted. Opts: (null)
Starting Remount Root and Kernel File Systems...
[   71.955279] systemd[1]: Starting Monitoring of LVM2 mirrors, snapshots etc. using dmeventd or progress polling...
         Starting Monitoring of LVM2 mirrors... dmeventd or progress polling...
[   72.112399] systemd[1]: Starting Nameserver information manager...
         Starting Nameserver information manager...
[   72.252443] systemd[1]: Starting Create list of required static device nodes for the current kernel...
         Starting Create list of required st... nodes for the current kernel...
[   72.303290] systemd[1]: Mounting POSIX Message Queue File System...
         Mounting POSIX Message Queue File System...
[   72.328633] systemd[1]: Reached target Slices.
[[0;32m  OK  [0m] Reached target Slices.
[   72.355454] systemd[1]: Starting Set console keymap...
         Starting Set console keymap...
[   72.436477] systemd[1]: Mounting Debug File System...
         Mounting Debug File System...
[ 725913] stmd1]Crtesle sysemerialx2et.sic
[[0;32m  OK  [0m] Created slice system-serial\x2dgetty.slice.
[   73.332982] systemd[1]: Starting Load Kernel Modules...
         Starting Load Ke[   73.406984] Loading iSCSI transport class v2.0-870.
rnel Modules...
[   73.421640] systemd[1]: Listening on Syslog Socket.
[[0;32m  OK  [0m] Listening on Sys[   73.428541] iscsi: registered transport (tcp)
log Socket.
[   73.728233] systemd[1]: Starting Journal Service...
[   73.728274] iscsi: registered transport (iser)
         Starting Journal Service...
[   73.900750] systemd[1]: Mounting Huge Pages File System...
         Mounting Huge Pages File System...
[ 74775] sysem1]Rehetaetwap.
[[0;32m  OK  [0m] Reached target Swap.
[   74.637456] systemd[1]: Mounted Huge Pages File System.
[[0;32m  OK  [0m] Mounted Huge Pages File System.
[ 74083]systemd[1]: Mounte POSIX Message Queue Fie stm.
[[0;32m  OK  [0m] Mounted POSIX Message Queue File System.
[ 75509]ysemd[1]: Mound Debug Fie stm.
[[0;32m  OK  [0m] Mounted Debug File System.
[ 75127]ysmd]: Stated uralerce

[[0;32m  OK  [0m] Started Journal Service.
[[0;32m  OK  [0m] Started Uncomplicated firewall.
[[0;32m  OK  [0m] Started Remount Root and Kernel File Systems.
[[0;32m  OK  [0m] Started Create list of required sta...ce nodes for the current kernel.
[[0;32m  OK  [0m] Started Set console keymap.
[[0;32m  OK  [0m] Started Load Kernel Modules.
[[0;32m  OK  [0m] Started Nameserver information manager.
[[0;32m  OK  [0m] Started LVM2 metadata daemon.
         Starting Apply Kernel Variables...
         Mounting FUSE Control File System...
         Starting Create Static Device Nodes in /dev...
         Starting udev Coldplug all Devices...
         Starting Load/Save Random Seed...
         Starting Initial cloud-init job (pre-networking)...
         Starting Flush Journal to Persistent Storage...
[[0;32m  OK  [0m] Mounted FUSE Control File System.
[[0;32m  OK  [0m] Started Monitoring of LVM2 mirrors,...ng dmeventd or progress polling.
[[0;32m  OK  [0m] Started Apply Kernel Variables.
[[0;32m  OK  [0m] Started Create Static Device Nodes in /dev.
[[0;32m  OK  [0m] Started Load/Save Random Seed.
[[0;32m  OK  [0m] Started udev Coldplug all Devices.
[[0;32m  OK  [0m] Started Flush Journal to Persistent Storage.
         Starting udev Kernel Device Manager...
[[0;32m  OK  [0m] Started udev Kernel Device Manager.
[[0;32m  OK  [0m] Started Dispatch Password Requests to Console Directory Watch.
[[0;32m  OK  [0m] Reached target Local File Systems (Pre).
[[0;32m  OK  [0m] Reached target Local File Systems.
         Starting Create Volatile Files and Directories...
         Starting LSB: AppArmor initialization...
         Starting Set console font and keymap...
[   44.753135] cloud-init[456]: Cloud-init v. 0.7.9 running 'init-local' at Tue, 06 Feb 2018 15:12:51 +0000. Up 44.47 seconds.
         Starting Commit a transient machine-id on disk...
         Starting Tell Plymouth To Write Out Runtime Data...
[[0;32m  OK  [0m] Started Create Volatile Files and Directories.
[[0;32m  OK  [0m] Started Commit a transient machine-id on disk.
[[0;32m  OK  [0m] Started Tell Plymouth To Write Out Runtime Data.
[[0;32m  OK  [0m] Started Set console font and keymap.
[[0;32m  OK  [0m] Started Initial cloud-init job (pre-networking).
[[0;32m  OK  [0m] Found device /dev/ttyS0.
[[0;32m  OK  [0m] Listening on Load/Save RF Kill Switch Status /dev/rfkill Watch.
[[0;32m  OK  [0m] Reached target Network (Pre).
[[0;32m  OK  [0m] Created slice system-getty.slice.
[[0;32m  OK  [0m] Reached target System Time Synchronized.
         Starting Update UTMP about System Boot/Shutdown...
[[0;32m  OK  [0m] Started Update UTMP about System Boot/Shutdown.
[[0;32m  OK  [0m] Started LSB: AppArmor initialization.
         Starting Raise network interfaces...
[[0;32m  OK  [0m] Started Raise network interfaces.
[[0;32m  OK  [0m] Reached target Network.
         Starting Initial cloud-init job (metadata service crawler)...
[   48.499409] cloud-init[947]: Cloud-init v. 0.7.9 running 'init' at Tue, 06 Feb 2018 15:12:54 +0000. Up 47.99 seconds.
[   48.556584] cloud-init[947]: ci-info: +++++++++++++++++++++++++++++++++++++Net device info++++++++++++++++++++++++++++++++++++++
[   48.556883] cloud-init[947]: ci-info: +--------+-------+---------------------------+---------------+-------+-------------------+
[[0;32m  OK  [0m] Started Initial cloud-init job (metadata service crawler).
[   48.557033] cloud-init[947]: ci-info: | Device |   Up  |          Address          |      Mask     | Scope |     Hw-Address    |
[   48.852228] cloud-init[947]: ci-info: +--------+-------+---------------------------+---------------+-------+-------------------+
[   48.852499] cloud-init[947]: ci-info: |   lo   |  True |         127.0.0.1         |   255.0.0.0   |   .   |         .         |
[   48.852640] cloud-init[947]: ci-info: |   lo   |  True |          ::1/128          |       .       |  host |         .         |
[   48.852788] cloud-init[947]: ci-info: | enp0s3 |  True |         10.0.2.15         | 255.255.255.0 |   .   | 02:04:e4:df:e4:d8 |
[   48.852935] cloud-init[947]: ci-info: | enp0s3 |  True | fe80::4:e4ff:fedf:e4d8/64 |       .       |  link | 02:04:e4:df:e4:d8 |
[   48.853083] cloud-init[947]: ci-info: | enp0s8 | False |             .             |       .       |   .   | 08:00:27:e2:d4:2b |
[   48.853262] cloud-init[947]: ci-info: +--------+-------+---------------------------+---------------+-------+-------------------+
[   48.853382] cloud-init[947]: ci-info: +++++++++++++++++++++++++++Route IPv4 info++++++++++++++++++++++++++++
[   48.853517] cloud-init[947]: ci-info: +-------+-------------+----------+---------------+-----------+-------+
[   48.853649] cloud-init[947]: ci-info: | Route | Destination | Gateway  |    Genmask    | Interface | Flags |
[   48.853785] cloud-init[947]: ci-info: +-------+-------------+----------+---------------+-----------+-------+
[   48.853918] cloud-init[947]: ci-info: |   0   |   0.0.0.0   | 10.0.2.2 |    0.0.0.0    |   enp0s3  |   UG  |
[   48.854051] cloud-init[947]: ci-info: |   1   |   10.0.2.0  | 0.0.0.0  | 255.255.255.0 |   enp0s3  |   U   |
[   48.854188] cloud-init[947]: ci-info: +-------+-------------+----------+---------------+-----------+-------+
[   48.854322] cloud-init[947]: Generating public/private rsa key pair.
[   48.854457] cloud-init[947]: Your identification has been saved in /etc/ssh/ssh_host_rsa_key.
[   48.854591] cloud-init[947]: Your public key has been saved in /etc/ssh/ssh_host_rsa_key.pub.
[   48.854724] cloud-init[947]: The key fingerprint is:
[   48.854858] cloud-init[947]: SHA256:XxvheYrslDb8CiWQzzBkLw9i2o8mISnLQDaZrGrTWHY root@ubuntu-xenial
[   48.854993] cloud-init[947]: The key's randomart image is:
[   48.855144] cloud-init[947]: +---[RSA 2048]----+
[   48.855268] cloud-init[947]: |      o          |
[   48.855402] cloud-init[947]: |. o  o o         |
[   48.855537] cloud-init[947]: | B  o B .   .    |
[   48.855675] cloud-init[947]: |+..+ . X   . o   |
[   48.855826] cloud-init[947]: |* oo.E  S . = .  |
[   48.855943] cloud-init[947]: |=o=..o   * + =   |
[   48.856220] cloud-init[947]: |o=..o . . X o    |
[   48.856346] cloud-init[947]: |. .o     = o     |
[   48.856478] cloud-init[947]: |          o..    |
[   48.856611] cloud-init[947]: +----[SHA256]-----+
[   48.856745] cloud-init[947]: Generating public/private dsa key pair.
[   48.856882] cloud-init[947]: Your identification has been saved in /etc/ssh/ssh_host_dsa_key.
[   48.857015] cloud-init[947]: Your public key has been saved in /etc/ssh/ssh_host_dsa_key.pub.
[   48.857151] cloud-init[947]: The key fingerprint is:
[   48.857292] cloud-init[947]: SHA256:Prjq4vDK1ZTodiwL2Cp+El42lb2KCE7ynBVzAoXZltQ root@ubuntu-xenial
[   48.857419] cloud-init[947]: The key's randomart image is:
[   48.857554] cloud-init[947]: +---[DSA 1024]----+
[   48.857687] cloud-init[947]: |   *oo           |
[   48.857820] cloud-init[947]: |  + + E          |
[   48.857956] cloud-init[947]: |   o  o          |
[   48.858089] cloud-init[947]: |    =oo.         |
[   48.858236] cloud-init[947]: |   ..B  S        |[
[0;32m  OK  [0m] Reached target Network is Online.
[   48.858269] cloud-init[947]: |++.+=  +         |
[   50.921100] cloud-init[947]: |O+*Bo+o o        |
[   50.921655] cloud-init[947]: |oOOo+. . .       |
         Starting iSCSI initiator daemon (iscsid)...
[[   50.921908] cloud-init[947]: |===+o..          |
[0;32m  OK  [0m] Reached target System Initialization.
[[   51.021097] cloud-init[947]: +----[SHA256]-----+
[   51.082054] cloud-init[947]: Generating public/private ecdsa key pair.
[0;32m  OK  [0m] Started Timer to automatically refresh installed snaps.
[[   51.082248] cloud-init[947]: Your identification has been saved in /etc/ssh/ssh_host_ecdsa_key.
[   51.221068] cloud-init[947]: Your public key has been saved in /etc/ssh/ssh_host_ecdsa_key.pub.
[0;32m  OK  [0m] Listening on D-Bus System Message Bus Socket.
[   51.221199] cloud-init[947]: The key fingerprint is:
[   51.476685] cloud-init[947]: SHA256:kQECZnxtJB81XHqLse79Dno8dTcaFFoe4aZu/w90MxA root@ubuntu-xenial
[   51.477143] cloud-init[947]: The key's randomart image is:
         Starting LXD - unix socket.
[[   51.477332] cloud-init[947]: +---[ECDSA 256]---+
[   51.657848] cloud-init[947]: | .+.oo+++..  E.  |
[0;32m  OK  [0m] Listening on UUID daemon activation socket.
[   51.658029] cloud-init[947]: | o. .+o..=  .+.  |
[   51.857057] cloud-init[947]: |   . .. = . ++o  |
[   51.857511] cloud-init[947]: |         * ooo.  |
         Starting Socket activation for snappy daemon.
[[   51.857700] cloud-init[947]: |        S ... .o.|
[   52.001797] cloud-init[947]: |       .  . .o.o+|
[0;32m  OK  [0m] Started Daily Cleanup of Temporary Directories.
[   52.001986] cloud-init[947]: |        ...+ .+..|
[   52.128259] cloud-init[947]: |       . o=... . |
[   52.128638] cloud-init[947]: |        o..+o...o|
[[0;32m  OK  [0m] Started ACPI Events Check.
[[   52.128828] cloud-init[947]: +----[SHA256]-----+
[   52.245910] cloud-init[947]: Generating public/private ed25519 key pair.
[0;32m  OK  [0m] Reached target Paths.
[[   52.246066] cloud-init[947]: Your identification has been saved in /etc/ssh/ssh_host_ed25519_key.
[   52.370174] cloud-init[947]: Your public key has been saved in /etc/ssh/ssh_host_ed25519_key.pub.
[0;32m  OK  [0m] Listening on ACPID Listen Socket.
[[   52.370349] cloud-init[947]: The key fingerprint is:
[   52.556921] cloud-init[947]: SHA256:7rB7eR9mRG3DjOI7ApMhzleAr8nrwbjTHaMLIv0IMe0 root@ubuntu-xenial
[   52.557050] cloud-init[947]: The key's randomart image is:
[   52.557220] cloud-init[947]: +--[ED25519 256]--+
[   52.557390] cloud-init[947]: |     ..          |
[   52.557564] cloud-init[947]: |    .  .     =   |
[   52.557736] cloud-init[947]: |    ... . . o *  |
[   52.557909] cloud-init[947]: | . o ..+ . o . . |
[   52.558083] cloud-init[947]: |o ..oo= S . .    |
[   52.558256] cloud-init[947]: | = o+.o+   o     |
[   52.558450] cloud-init[947]: |+ E.o+.oo.o +    |
[   52.558631] cloud-init[947]: |.o.=+..+o..+ .   |
[   52.558797] cloud-init[947]: |  oo+.oo.. ..    |
[0;32m  OK  [0m] Started Daily apt download activities.
[[   52.559033] cloud-init[947]: +----[SHA256]-----+
[0;32m  OK  [0m] Started Daily apt upgrade and clean activities.
[[0;32m  OK  [0m] Reached target Timers.
[[0;32m  OK  [0m] Reached target Cloud-config availability.
[[0;32m  OK  [0m] Listening on LXD - unix socket.
[[0;32m  OK  [0m] Listening on Socket activation for snappy daemon.
[[0;32m  OK  [0m] Started iSCSI initiator daemon (iscsid).
         Starting Login to default iSCSI targets...
[[0;32m  OK  [0m] Reached target Sockets.
[[0;32m  OK  [0m] Reached target Basic System.
         Starting System Logging Service...
[[0;32m  OK  [0m] Started Unattended Upgrades Shutdown.
         Starting Apply the settings specified in cloud-config...
         Starting Pollinate to seed the pseudo random number generator...
[[0;32m  OK  [0m] Started Deferred execution scheduler.
         Starting Login Service...
[   54.102072] cloud-init[1052]: Generating locales (this might take a while)...
         Starting /etc/rc.local Compatibility...
         Starting Accounts Service...
[[0;32m  OK  [0m] Started ACPI event daemon.
[[0;32m  OK  [0m] Started Regular background program processing daemon.
[[0;32m  OK  [0m] Started FUSE filesystem for LXC.
[[0;32m  OK  [0m] Started Snappy daemon.
         Starting Auto import assertions from block devices...
         Starting LSB: Record successful boot for GRUB...
         Starting LSB: MD monitoring daemon...
[[0;32m  OK  [0m] Started D-Bus System Message Bus.
         Starting LXD - container startup/shutdown...
[[0;32m  OK  [0m] Started System Logging Service.
[[0;32m  OK  [0m] Started Pollinate to seed the pseudo random number generator.
[[0;32m  OK  [0m] Started /etc/rc.local Compatibility.
[[0;32m  OK  [0m] Started Auto import assertions from block devices.
[[0;32m  OK  [0m] Started LXD - container startup/shutdown.
[   54.876379] cloud-init[1052]:   en_US.UTF-8... done
[   55.101588] cloud-init[1052]: Generation complete.
[[0;32m  OK  [0m] Started Login to default iSCSI targets.
[[0;32m  OK  [0m] Started LSB: MD monitoring daemon.
[[0;32m  OK  [0m] Started LSB: Record successful boot for GRUB.
[[0;32m  OK  [0m] Started Login Service.
         Starting Authenticate and Authorize Users to Run Privileged Tasks...
[[0;32m  OK  [0m] Reached target Remote File Systems (Pre).
[[0;32m  OK  [0m] Reached target Remote File Systems.
         Starting LSB: automatic crash report generation...
         Starting LSB: VirtualBox Linux Additions...
         Starting LSB: Set the CPU Frequency Scaling governor to "ondemand"...
         Starting LSB: daemon to balance interrupts for SMP systems...
         Starting Permit User Sessions...
[[0;32m  OK  [0m] Stopped OpenBSD Secure Shell server.
         Starting OpenBSD Secure Shell server...
[[0;32m  OK  [0m] Started OpenBSD Secure Shell server.
[[0;32m  OK  [0m] Started Permit User Sessions.
[[0;32m  OK  [0m] Started Authenticate and Authorize Users to Run Privileged Tasks.
[[0;32m  OK  [0m] Started Accounts Service.
[[0;32m  OK  [0m] Started LSB: Set the CPU Frequency Scaling governor to "ondemand".
[[0;32m  OK  [0m] Started LSB: automatic crash report generation.
[[0;32m  OK  [0m] Started LSB: VirtualBox Linux Additions.
         Starting Hold until boot process finishes up...
         Starting Terminate Plymouth Boot Screen...
[   56.027536] cloud-init[1052]: Cloud-init v. 0.7.9 running 'modules:config' at Tue, 06 Feb 2018 15:13:00 +0000. Up 54.02 seconds.
[[0;32m  OK  [0m] Started LSB: daemon to balance interrupts for SMP systems.
[[0;32m  OK  [0m] Started Apply the settings specified in cloud-config.
[[0;32m  OK  [0m] Started Hold until boot process finishes up.
[[0;32m  OK  [0m] Started Terminate Plymouth Boot Screen.
[[0;32m  OK  [0m] Created slice User Slice of ubuntu.
         Starting User Manager for UID 1000...
[[0;32m  OK  [0m] Started Session 1 of user ubuntu.
         Starting Set console scheme...
[[0;32m  OK  [0m] Started Serial Getty on ttyS0.
[[0;32m  OK  [0m] Started Getty on tty1.
[[0;32m  OK  [0m] Reached target Login Prompts.
[[0;32m  OK  [0m] Reached target Multi-User System.
[[0;32m  OK  [0m] Reached target Graphical Interface.
         Starting Update UTMP about System Runlevel Changes...
         Starting Execute cloud user/final scripts...
[[0;32m  OK  [0m] Started User Manager for UID 1000.
[[0;32m  OK  [0m] Started Set console scheme.
[[0;32m  OK  [0m] Started Update UTMP about System Runlevel Changes.
ci-info: no authorized ssh keys fingerprints found for user ubuntu.
<14>Feb  6 15:13:04 ec2: 
<14>Feb  6 15:13:04 ec2: #############################################################
<14>Feb  6 15:13:04 ec2: -----BEGIN SSH HOST KEY FINGERPRINTS-----
<14>Feb  6 15:13:04 ec2: 1024 SHA256:Prjq4vDK1ZTodiwL2Cp+El42lb2KCE7ynBVzAoXZltQ root@ubuntu-xenial (DSA)
<14>Feb  6 15:13:04 ec2: 256 SHA256:kQECZnxtJB81XHqLse79Dno8dTcaFFoe4aZu/w90MxA root@ubuntu-xenial (ECDSA)
<14>Feb  6 15:13:04 ec2: 256 SHA256:7rB7eR9mRG3DjOI7ApMhzleAr8nrwbjTHaMLIv0IMe0 root@ubuntu-xenial (ED25519)
<14>Feb  6 15:13:04 ec2: 2048 SHA256:XxvheYrslDb8CiWQzzBkLw9i2o8mISnLQDaZrGrTWHY root@ubuntu-xenial (RSA)
<14>Feb  6 15:13:04 ec2: -----END SSH HOST KEY FINGERPRINTS-----
<14>Feb  6 15:13:04 ec2: #############################################################
-----BEGIN SSH HOST KEY KEYS-----
ecdsa-sha2-nistp256 AAAAE2VjZHNhLXNoYTItbmlzdHAyNTYAAAAIbmlzdHAyNTYAAABBBHQ8zB6C5oNcAUCePbHoh+tj5Wc3vJx0aIrD7uNDiGkT/hptDjjHfoFxjkLHWg4GbwGOHOOaEKy52SlMjqBGwh4= root@ubuntu-xenial
ssh-ed25519 AAAAC3NzaC1lZDI1NTE5AAAAIEyN7Zgl/9mNiVDbEbMgMXVrZv++q9klzsnKV/uWlHue root@ubuntu-xenial
ssh-rsa AAAAB3NzaC1yc2EAAAADAQABAAABAQDYYs0ZTnjF8Rh2DsPV3/N3qiqL64vQWADRVrYv7uq+9SDQ1fwgBNHyCW8F5bbu8ogOv3YZ7wTRmw/hfB4PdLdSEcO1h7u9SflyiIECnO9ClnVuFVULMYr9ssDvXbRbJEQ8kYQE8zGgvTF2E3LIKezOTQtb241dGFopkhsUwZx5+mJ3CLLI+b3Oj7LkqU8dX9pWQFT7yXrf7Zrz6605qYOkE3UmkDRYe9cFftstRgF7Zp5JrE+KZ+CjWd/6WD/Y74T3E2FpZRtaOxpBKgKgRtmyUReYcuKHyeQPbzXc3Q4JrM/xxw+iaL94Ut0//TKmP62EoGU3B3kYFfqiVgwEs7NB root@ubuntu-xenial
-----END SSH HOST KEY KEYS-----
[   57.756198] cloud-init[1317]: Cloud-init v. 0.7.9 running 'modules:final' at Tue, 06 Feb 2018 15:13:04 +0000. Up 57.09 seconds.
[   57.845360] cloud-init[1317]: ci-info: no authorized ssh keys fingerprints found for user ubuntu.
[   57.908394] cloud-init[1317]: Cloud-init v. 0.7.9 finished at Tue, 06 Feb 2018 15:13:04 +0000. Datasource DataSourceNoCloud [seed=/dev/sdb][dsmode=net].  Up 57.74 seconds
[[0;32m  OK  [0m] Started Execute cloud user/final scripts.
[[0;32m  OK  [0m] Reached target Cloud-init target.

Ubuntu 16.04.3 LTS ubuntu-xenial ttyS0

ubuntu-xenial login: 