[  0.000000] Iitlizi coup subsys cpuset   0.000000] Iniializig cgrop ubsys cpu
[    0.000000]nitiizg cgroup subs cpcc
[    0.00000]Linuxveio 4.4.093enerc budd@l013) (gc vsin 5.4.0 20160609 Ubtu5.4.6untu16..4) ) 11UbntSMFri ug1 1:17:51 UTC 2017 Ubtu4.4.093.16-generic 4..7)
[    0.000000] Cmmd ine: BOTMAE=/boot/vmlinuz-44.93-gnec oot=LBEcludimg-oos o consolett console=ttyS0
[    0.000000] KERNEL supported cpus:
[    0.000000]   Intel GenuineIntel
[    0.000000]   AMD AuthenticAMD
[    0.000000]   Centaur CentaurHauls
[    0.000000] x86/fpu: xstate_offset[2]:  576, xstate_sizes[2]:  256
[    0.000000] x86/fpu: Supporting XSAVE feature 0x0: '7 loating point rests'
[   0.000] x8fp Supporting XSAVE ate 0x02: 'SSE rester
    0.00000] x86/f: pportingSAE fetu 004: 'AV risers'
[    0.000000] 86/fpuEnabled xstate featuesx7 contextiz is 82 te, using tandard fma.
[  000000]x8fp: Usnglay'PUcotext sites
[  000000]82: BIOSrovded phsialAM m:[  00000 BS-e820 [m 0x00000000000-0x0000000009fbff] usable[   .0000] BOS82: [mem0x000000009fc00-0000000000ffff]rervd   0.000 BIOS-e80:mem 0x000000f0000x0000000000fff] seed
[   0000 BS-e820: [mem x000000010000-000000feff] usable
[    .0000] BIOS-e820: [mem 0x00000003fff000-000000000fffff] ACPI data
[   .0000] BIOe80: [em 0x00000fc000-0x00000ffffffff]reseed
[    0.000000]NXExecute sae) pottin: aciv
[   0.00] SMBIO 25 esen.    0000] Hypervsodetectd:VM
[  000000] e820 lt_n = 0x3f0ax_ar_p = 0x4000000
[   00000] MTR: Disle
[   00000] x86/PAT: MTRs isled, sipinPAT itlizatonoo
[   .0000] CPU MTRs lllak - vituizd sytem.
[   .00000] x/PAT: onguatio[0]: WB  WT  C- U    T  UC U 
[  000000]oud SMP MP-table at [emx0009ff0x009ffff] aped at [ffff80009f0]
[   00000] Snning  aasfor low meor cruion
[    0.000000] RAMDISK: [mem 0x36ac4000x359ff
   0.0000] CPI: rl tab ccksu verification disale
[    0.000000] ACP: RSDP 00000000000000024 (v02 VBOX  )
  0.0000ACPI: SD0x00000FF00300000 (v01 OX  VBXXT 0000001 L 000000)[   0.000] ACPI:FA 0000000FF00F0000F4v04 BO   VOXAC0000001SL  0000061
   000000]CPI:DS 0000000FF0470 000B(v01 VOX   VBOXOS 00022 INTL 01528)[   0.000000 AI:FACS x000003FFF00 0040
[   000000]AC: FAS 000000FF0200 00040
[   000000] CP AIC 0000003FF020 0005C(v02 VBOX  VOXAPIC00001 L 000006)    0.000]ACPISS 0x00003FF02 001C(v VBOX  VXCPUT 0000 INTL200528
[   .000000] No NUMA configuration found
[    0.000000] Faking a node at [mem 0x0000000000000000-0x000000003ffeffff]
[    0.000] NO_DTA(0) alloatd mem 03feb00-0xfffff]
   000000] kvmclock: Usngmsrs4b564d01 and 4b564d00
[    0.000000]kv-cloc cu 0,msr 0:3e31, pma cpuclk
[    0.0000] kv-cck: insched offset of 225103 cycls
[   0.00000] locksoucekvm-oc: mak:xffffffffffff maxycle 0cd42e4df, ax_idle_s: 8159591483 ns
[  00000] neranges:
[    0.0000] DMA   [mem 000000000100-x0000000ffff
[   0.00000]  DM2   [me 00000000000-0x000003eff]
  0.00000]  ormal   empty
[    0.000000]   Device   empty
[    0.000000] Movable zone start for each node
[    .000] ary emry noderanes
    00000   node   0: mem 0x0000000000x000000009eff][   .0000]   nde  0: [mem 0x00000000000-00000003ffff]
[   00000] itemet node [mm 0x00000000000x000003ffeffff]
[   0.00000] ACP: M-Timer IO Port: 0x4008
[    0.000000] IOAPIC[0]: apic_id 2, version 17, address 0xfec00000, GSI 0-23
[    0.000000] ACPI: INT_SRC_OVR (bus 0 bus_irq 0 global_irq 2 dfl dfl)
[    0.000000] ACPI: INT_SRC_OVR (bus 0 bus_irq 9 global_irq 9 high level)
[    0.000000] Using ACPI (MADT) for SMP configuration information
[    0.000000] smpboot: Allowing 2 CPUs, 0 hotplug CPUs
[    0.000000] PM: Registered nosave memory: [mem 0x00000000-0x00000fff]
[    0.000000] : egiser nsave emy:[mem x09f000-000ffff
[   0.000000 P Rgisterednove mor [mem0x0a000-00efff
   00000 PM:Regited novememo: em 0x000f000x000ffff]
[  000000] e80: [mm x400000xfffbff]avaiab fr PCIevces
[   0.0000]ooing ariruaiz krneln M
[  000000clksour: efined-jiffesmak: 0xffffff max_cl: 0xffff, axdl_ns:7651600211568ns
[   .00000] setup_percpu: NR_CPUS:512 nr_cpumask_bits:512 nr_cpu_ids:2 nr_node_ids:1
[    0.000000] PERCPU: Embedded34 pas/u @fff883fc0000 s9828 r923274u18576
   00000]  qspinlock hash ablentes: 6 rder0,096 bys)
[  00000] il 1 zonelists iNo ord, bility groupngon.  ta pages: 25913
  0.0000] Poicy zneDMA32[   0.000] Knecommand in BOTMA=/boot/vmluz-4.093genrirot=LAL=oudimg-ots roconlett1 nsle=tS0
[    0.000000] PID astale entie 496 (oer: 3,32768 byes
   0.000 Memory:00724K0420K available (8479K krn code12K rwta3984K rodata 149 it, 116bs, 4639 rservd,K ma-rerd)
  0.0000 SB: Haln=4, Order=0-3,MinObjects=, PUs=2, des1
[    0000] Hierarcic RU implmeaton.
[    00000 	ild-time adjustmet ofeaf fanout to 64
[    .00000	R restrictin CPUs from NR_CP=5 to nrcpids=
   0.0000 RU: Adjusting ometry forrc_fanou_lf=4, nr_pu_ds2
[   0000] NR_IRQS3024r_qs:440 16
[   00000 Console cou VGA 825
[    0.00000] onle[tty1]naled
  0.00000]cool [ttyS0] enabled
[    0.000000] tsc: Detected 2194.918 MHz processor
[   23.043616] Calibrating delay loop (skipped) preset value.. 4389.83 BogoMIPS (lpj=8779672)
[   23.245629] pid_max: default: 32768 minimum: 301
[   23.302045] ACPI: Core revision 20150930
[   23.386720] ACPI: 2 ACPI AML tables successfully acquired and loaded
[   23.549523] Security Framework initialized
[   23.636330] Yama: becoming mindful.
[   23.726648] AppArmor: AppArmor initialized
[   23.818773] Dentry cache hash table entries: 131072 (order: 8, 1048576 bytes)
[   23.971602] Inode-cache hash table entries: 65536 (order: 7, 524288 bytes)
[   24.143338] Mount-cache hash table entries: 2048 (order: 2, 16384 bytes)
[   24.295429] Mountpoint-cache hash table entries: 2048 (order: 2, 16384 bytes)
[   24.406023] Initializing cgroup subsys io
[   24.406809] Initializing cgroup subsys memory
[   24.407600] Initializing cgroup subsys devices
[   24.408426] Initializing cgroup subsys freezer
[   24.470990] Initializing cgroup subsys net_cls
[   24.579543] Initializing cgroup subsys perf_event
[   24.678134] Initializing cgroup subsys net_prio
[   24.769363] Initializing cgroup subsys hugetlb
[   24.859557] Initializing cgroup subsys pids
[   24.936043] CPU: Physical Processor ID: 0
[   24.977224] CPU: Processor Core ID: 0
[   25.056461] mce: CPU supports 0 MCE banks
[   25.152889] Last level iTLB entries: 4KB 1024, 2MB 1024, 4MB 1024
[   25.292261] Last level dTLB entries: 4KB 1024, 2MB 1024, 4MB 1024, 1GB 4
[   25.431358] Freeing SMP alternatives memory: 32K (ffffffff820ba000 - ffffffff820c2000)
[   25.481291] ftrace: allocating 32136 entries in 126 pages
[   25.557530] smpboot: APIC(0) Converting physical 0 to logical package 0
[   25.709769] smpboot: Max logical packages: 1
[   25.796982] ..TIMER: vector=0x30 apic1=0 pin1=2 apic2=-1 pin2=-1
[   26.058191] smpboot: CPU0: Intel(R) Core(TM) i7-4770HQ CPU @ 2.20GHz (family: 0x6, model: 0x46, stepping: 0x1)
[   26.322671] Performance Events: unsupported p6 CPU model 70 no PMU driver, software events only.
[   26.522561] KVM setup paravirtual spinlock
[   26.551678] x86: Booting SMP configuration:
[   26.628921] .... node  #0, CPUs:      #1
[   26.704004] kvm-clock: cpu 1, msr 0:3ffe3041, secondary cpu clock
[   26.882425] mce: CPU supports 0 MCE banks
[   26.907618] x86: Booted up 1 node, 2 CPUs
[   26.995767] smpboot: Total of 2 processors activated (8779.67 BogoMIPS)
[   27.073727] devtmpfs: initialized
[   27.076734] evm: security.selinux
[   27.077516] evm: security.SMACK64
[   27.078233] evm: security.SMACK64EXEC
[   27.078988] evm: security.SMACK64TRANSMUTE
[   27.079797] evm: security.SMACK64MMAP
[   27.080492] evm: security.ima
[   27.081102] evm: security.capability
[   27.130247] clocksource: jiffies: mask: 0xffffffff max_cycles: 0xffffffff, max_idle_ns: 7645041785100000 ns
[   27.358281] futex hash table entries: 512 (order: 3, 32768 bytes)
[   27.482632] pinctrl core: initialized pinctrl subsystem
[   27.580767] RTC time: 15:58:42, date: 01/29/18
[   27.623189] NET: Registered protocol family 16
[   27.654104] cpuidle: using governor ladder
[   27.682210] cpuidle: using governor menu
[   27.726435] PCCT header not found.
[   27.747929] ACPI: bus type PCI registered
[   27.826065] acpiphp: ACPI Hot Plug PCI Controller Driver version: 0.5
[   27.982825] PCI: Using configuration type 1 for base access
[   28.100914] ACPI: Added _OSI(Module Device)
[   28.182029] ACPI: Added _OSI(Processor Device)
[   28.287843] ACPI: Added _OSI(3.0 _SCP Extensions)
[   28.386924] ACPI: Added _OSI(Processor Aggregator Device)
[   28.502628] ACPI: Executed 1 blocks of module-level executable AML code
[   28.684488] ACPI: Interpreter enabled
[   28.718824] ACPI: (supports S0 S5)
[   28.740957] ACPI: Using IOAPIC for interrupt routing
[   28.824874] PCI: Using host bridge windows from ACPI; if necessary, use "pci=nocrs" and report a bug
[   29.054050] ACPI: PCI Root Bridge [PCI0] (domain 0000 [bus 00-ff])
[   29.196685] acpi PNP0A03:00: _OSC: OS supports [ASPM ClockPM Segments MSI]
[   29.332825] acpi PNP0A03:00: _OSC failed (AE_NOT_FOUND); disabling ASPM
[   29.477581] acpi PNP0A03:00: fail to add MMCONFIG information, can't access extended PCI configuration space under this bridge.
[   29.711153] PCI host bridge to bus 0000:00
[   29.784740] pci_bus 0000:00: root bus resource [io  0x0000-0x0cf7 window]
[   29.835184] pci_bus 0000:00: root bus resource [io  0x0d00-0xffff window]
[   30.006771] pci_bus 0000:00: root bus resource [mem 0x000a0000-0x000bffff window]
[   30.177580] pci_bus 0000:00: root bus resource [mem 0x40000000-0xffdfffff window]
[   30.347530] pci_bus 0000:00: root bus resource [bus 00-ff]
[   30.460742] pci 0000:00:01.1: legacy IDE quirk: reg 0x10: [io  0x01f0-0x01f7]
[   30.616377] pci 0000:00:01.1: legacy IDE quirk: reg 0x14: [io  0x03f6]
[   30.766064] pci 0000:00:01.1: legacy IDE quirk: reg 0x18: [io  0x0170-0x0177]
[   30.883124] pci 0000:00:01.1: legacy IDE quirk: reg 0x1c: [io  0x0376]
[   30.936418] ACPI: PCI Interrupt Link [LNKA] (IRQs 5 9 10 11) *0, disabled.
[   31.081629] ACPI: PCI Interrupt Link [LNKB] (IRQs 5 9 10 *11)
[   31.185352] ACPI: PCI Interrupt Link [LNKC] (IRQs 5 9 *10 11)
[   31.313448] ACPI: PCI Interrupt Link [LNKD] (IRQs 5 *9 10 11)
[   31.343570] ACPI: Enabled 2 GPEs in block 00 to 07
[   31.451799] vgaarb: setting as boot device: PCI:0000:00:02.0
[   31.570784] vgaarb: device added: PCI:0000:00:02.0,decodes=io+mem,owns=io+mem,locks=none
[   31.773913] vgaarb: loaded
[   31.842613] vgaarb: bridge control possible 0000:00:02.0
[   31.957249] SCSI subsystem initialized
[   31.972924] ACPI: bus type USB registered
[   32.002959] usbcore: registered new interface driver usbfs
[   32.003928] usbcore: registered new interface driver hub
[   32.004906] usbcore: registered new device driver usb
[   32.106017] PCI: Using ACPI for IRQ routing
[   32.204046] NetLabel: Initializing
[   32.274850] NetLabel:  domain hash size = 128
[   32.357537] NetLabel:  protocols = UNLABELED CIPSOv4
[   32.399434] NetLabel:  unlabeled traffic allowed by default
[   32.528842] amd_nb: Cannot enumerate AMD northbridges
[   32.629337] clocksource: Switched to clocksource kvm-clock
[   327650Aprmr:ppArmor ilsysemnaed[ 33406]npPnAC it  3.52] p:nPCP fund dece

[   34.170956] clocksource: acpi_pm: mask: 0xffffff max_cycles: 0xffffff, max_idle_ns: 2085701024 ns
[   34.479307] NET: Registered protocol family 2
[   34.647739] TCP established hash table entries: 8192 (order: 4, 65536 bytes)
[   35.026365] TCP bind hash table entries: 8192 (order: 5, 131072 bytes)
[   35.229985] TCP: Hash tables configured (established 8192 bind 8192)
[   35.249908] UDP hash table entries: 512 (order: 2, 16384 bytes)
[   35.266865] UDP-Lite hash table entries: 512 (order: 2, 16384 bytes)
[   35.269214] NET: Registered protocol family 1
[   35.270160] pci 0000:00:00.0: Limiting direct PCI/PCI transfers
[   35.271354] pci 0000:00:01.0: Activating ISA DMA hang workarounds
[   35.273816] Unpacking initramfs...
[   36.963464] Freeing initrd memory: 10840K (ffff880036ac4000 - ffff88003755a000)
[   37.327651] platform rtc_cmos: registered platform RTC device (no PNP device found)
[   37.438619] Scanning for low memory corruption every 60 seconds
[   37.616475] audit: initializing netlink subsys (disabled)
[   37.878381] audit: type=2000 audit(1517241505.535:1): initialized
[   38.119128] Initialise system trusted keyring
[   38.298566] HugeTLB registered 2 MB page size, pre-allocated 0 pages
[   38.491187] tsc: Refined TSC clocksource calibration: 2194.784 MHz
[   38.513709] clocksource: tsc: mask: 0xffffffffffffffff max_cycles: 0x1fa2f36ce5f, max_idle_ns: 440795249990 ns
[   38.515386] zbud: loaded
ÿ[   38.515600] VFS: Disk quotas dquot_6.6.0
[   38.515632] VFS: Dquot-cache hash table entries: 512 (order 0, 4096 bytes)
[   38.515878] squashfs: version 4.0 (2009/01/31) Phillip Lougher
[   38.616234] fuse init (API version 7.23)
[   38.616385] Key type big_key registered
[   38.616402] Allocating IMA MOK and blacklist keyrings.
[   38.616586] Key type asymmetric registered
[   38.616592] Asymmetric key parser 'x509' registered
[   38.616625] Block layer SCSI generic (bsg) driver version 0.4 loaded (major 249)
[   38.616660] io scheduler noop registered
[   38.616662] io scheduler deadline registered (default)
[   38.616687] io scheduler cfq registered
[   38.616779] pci_hotplug: PCI Hot Plug PCI Core version: 0.5
[   38.616784] pciehp: PCI Express Hot Plug Controller Driver version: 0.4
[   38.617075] ACPI: AC Adapter [AC] (on-line)
[   38.617122] input: Power Button as /devices/LNXSYSTM:00/LNXPWRBN:00/input/input0
[   38.617125] ACPI: Power Button [PWRF]
[   38.617185] input: Sleep Button as /devices/LNXSYSTM:00/LNXSLPBN:00/input/input1
[   38.617186] ACPI: Sleep Button [SLPF]
[   38.617312] GHES: HEST is not enabled!
[   38.618257] ACPI: Battery Slot [BAT0] (battery present)
[   38.618296] Serial: 8250/16500 driver, 32 ports, IRQ sharing enabled
[   38.738209] 00:02: ttyS0 at I/O 0x3f8 (irq = 4, base_baud = 115200) is a 16550A
[   387797018] Linux agpgart interface v0.103
[   39.196218] loop: module loaded
[   39.196660] scsi host0: ata_piix
[   39.196706] scsi host1: ata_piix
[   39.196730] ata1: PATA max UDMA/33 cmd 0x1f0 ctl 0x3f6 bmdma 0xd000 irq 14
[   39.196730] ata2: PATA max UDMA/33 cmd 0x170 ctl 0x376 bmdma 0xd008 irq 15
[   39.196792] libphy: Fixed MDIO Bus: probed
[   39.196794] tun: Universal TUN/TAP device driver, 1.6
[   39.196795] tun: (C) 1999-2004 Max Krasnyansky <maxk@qualcomm.com>
[   39.197094] PPP generic driver version 2.4.2
[   39.197140] ehci_hcd: USB 2.0 'Enhanced' Host Controller (EHCI) Driver
[   39.197143] ehci-pci: EHCI PCI platform driver
[   39.197156] ehci-platform: EHCI generic platform driver
[   39.197163] ohci_hcd: USB 1.1 'Open' Host Controller (OHCI) Driver
[   39.197166] ohci-pci: OHCI PCI platform driver
[   39.197172] ohci-platform: OHCI generic platform driver
[   39.197178] uhci_hcd: USB Universal Host Controller Interface driver
[   39.197228] i8042: PNP: PS/2 Controller [PNP0303:PS2K,PNP0f03:PS2M] at 0x60,0x64 irq 1,12
[   39.197700] serio: i8042 KBD port at 0x60,0x64 irq 1
[   39.197703] serio: i8042 AUX port at 0x60,0x64 irq 12
[   39.197784] mousedev: PS/2 mouse device common for all mice
[   39.198041] input: AT Translated Set 2 keyboard as /devices/platform/i8042/serio0/input/input2
[   39.198335] rtc_cmos rtc_cmos: rtc core: registered rtc_cmos as rtc0
[   39.198385] rtc_cmos rtc_cmos: alarms up to one day, 114 bytes nvram
[   39.198391] i2c /dev entries driver
[   39.198436] device-mapper: uevent: version 1.0.3
[   39.198478] device-mapper: ioctl: 4.34.0-ioctl (2015-10-28) initialised: dm-devel@redhat.com
[   39.198488] ledtrig-cpu: registered to indicate activity on CPUs
[   39.198697] NET: Registered protocol family 10
[   39.198826] NET: Registered protocol family 17
[   39.198834] Key type dns_resolver registered
[   39.198942] microcode: CPU0 sig=0x40661, pf=0x40, revision=0x0
[   39.303306] microcode: CPU1 sig=0x40661, pf=0x40, revision=0x0
[   39.303393] microcode: Microcode Update Driver: v2.01 <tigran@aivazian.fsnet.co.uk>, Peter Oruba
[   39.303506] registered taskstats version 1
[   39.303520] Loading compiled-in X.509 certificates
[   39.304084] Loaded X.509 cert 'Build time autogenerated kernel key: a6f98c496ad22cf23b77f8fe21ff88c41791cbd4'
[   39.304102] zswap: loaded using pool lzo/zbud
[   39.305610] Key type trusted registered
[   39.307369] Key type enrrypted registered
[   39.307373] AppArmor: AppArmor sha1 policy hashing enabled
[   39.307376] ima: No TPM chip found, activating TPM-bypass!
[   39.307392] evm: HMAC attrs: 0x1
[   39.307634]   Magic number: 2:183:994
[   39.326131] rtc_cmos rtc_cmos: setting system clock to 2018-01-29 15:58:54 UTC (1517241534)
[   39.326245] BIOS EDD facility v0.16 2004-Jun-25, 0 devices found
[   39.326245] EDD information not available.
[   43.982084] Freeing unused kernel memory: 1492K (ffffffff81f45000 - ffffffff820ba000)
[   44.402398] Write protecting the kernel read-only data: 14336k
[   44.535125] Freeing unused kernel memory: 1748K (ffff88000184b000 - ffff880001a00000)
[   44.706480] Freeing unused kernel memory: 112K (ffff880001de4000 - ffff880001e00000)
Loading, please wait...
[   44.906239] random: systemd-udevd: uninitialized urandom read (16 bytes read, 3 bits of entropy available)
starting version[   44.906744] random: udevadm: uninitialized urandom read (16 bytes read, 3 bits of entropy available)
 229
[   44.906774] random: udevadm: uninitialized urandom read (16 bytes read, 3 bits of entropy available)
[   44.906864] random: udevadm: uninitialized urandom read (16 bytes read, 3 bits of entropy available)
[   44.906897] random: udevadm: uninitialized urandom read (16 bytes read, 3 bits of entropy available)
[   44.906928] random: udevadm: uninitialized urandom read (16 bytes read, 3 bits of entropy available)
[   44.906962] random: udevadm: uninitialized urandom read (16 bytes read, 3 bits of entropy available)
[   44.906994] random: udevadm: uninitialized urandom read (16 bytes read, 3 bits of entropy available)
[   44.907022] random: udevadm: uninitialized urandom read (16 bytes read, 3 bits of entropy available)
[   44.907053] random: udevadm: uninitialized urandom read (16 bytes read, 3 bits of entropy available)
[   46.539748] e1000: Intel(R) PRO/1000 Network Driver - version 7.3.21-k8-NAPI
[   46.827922] e1000: Copyright (c) 1999-2006 Intel Corporation.
[   47.018622] Fusion MPT base driver 3.04.20
[   47.135527] Copyright (c) 1999-2008 LSI Corporation
[   47.213742] Fusion MPT SPI Host driver 3.04.20
[   47.237200] mptbase: ioc0: Initiating bringup
[   47.251050] AVX version of gcm_enc/dec engaged.
[   47.405529] AES CTR mode by8 optimization enabled
[   47.433103] input: ImExPS/2 Generic Explorer Mouse as /devices/platform/i8042/serio1/input/input4
[   47.461726] ioc0: LSI53C1030 A0: Capabilities={Initiator}
[   47.647701] scsi host2: ioc0: LSI53C1030 A0, FwRev=00000000h, Ports=1, MaxQ=256, IRQ=20
[   47.786296] scsi 2:0:0:0: Direct-Access     VBOX     HARDDISK         1.0  PQ: 0 ANSI: 5
[   47.786300] scsi target2:0:0: Beginning Domain Validation
[   47.788190] scsi target2:0:0: Domain Validation skipping write tests
[   47.788191] scsi target2:0:0: Ending Domain Validation
[   47.788226] scsi target2:0:0: asynchronous
[   47.788468] scsi 2:0:1:0: Direct-Access     VBOX     HARDDISK         1.0  PQ: 0 ANSI: 5
[   47.788471] scsi target2:0:1: Beginning Domain Validation
[   47.789122] scsi target2:0:1: Domain Validation skipping write tests
[   47.789122] scsi target2:0:1: Ending Domain Validation
[   47.789156] scsi target2:0:1: asynchronous
[   47.796363] sd 2:0:0:0: Attached scsi generic sg0 type 0
[   47.796603] sd 2:0:0:0: [sda] 20971520 512-byte logical blocks: (10.7 GB/10.0 GiB)
[   47.796687] sd 2:0:1:0: Attached scsi generic sg1 type 0
[   47.796746] sd 2:0:1:0: [sdb] 20480 512-byte logical blocks: (10.5 MB/10.0 MiB)
[   47.797374] sd 2:0:0:0: [sda] Write Protect is off
[   47.797520] sd 2:0:1:0: [sdb] Write Protect is off
[   47.797531] sd 2:0:0:0: [sda] Incomplete mode parameter data
[   47.797542] sd 2:0:0:0: [sda] Assuming drive cache: write through
[   47.797688] sd 2:0:1:0: [sdb] Incomplete mode parameter data
[   47.797689] sd 2:0:1:0: [sdb] Assuming drive cache: write through
[   47.800464]  sda: sda1
[   47.801295] sd 2:0:0:0: [sda] Attached SCSI disk
[   47.801519] sd 2:0:1:0: [sdb] Attached SCSI disk
[   48.277950] e1000 0000:00:03.0 eth0: (PCI:33MHz:32-bit) 02:04:e4:df:e4:d8
[   48.277954] e1000 0000:00:03.0 eth0: Intel(R) PRO/1000 Network Connection
[   48.637754] e1000 0000:00:08.0 eth1: (PCI:33MHz:32-bit) 08:00:27:08:07:0d
[   48.637756] e1000 0000:00:08.0 eth1: Intel(R) PRO/1000 Network Connection
[   50.006215] e1000 0000:00:03.0 enp0s3: renamed from eth0
[   50.141951] e1000 0000:00:08.0 enp0s8: renamed from eth1
[   51.273196] floppy0: no floppy controllers found
Begin: Loading e[   52.712694] md: linear personality registered for level -1
ssential drivers[   52.978288] md: multipath personality registered for level -4
 ... [   53.183064] md: raid0 personality registered for level 0
[   53.312154] md: raid1 personality registered for level 1
[   53.505404] raid6: sse2x1   gen() 10434 MB/s
[   53.673493] raid6: sse2x1   xor()  7498 MB/s
[   53.813580] raid6: sse2x2   gen() 11847 MB/s
[   53.985362] raid6: sse2x2   xor()  8802 MB/s
[   54.169542] raid6: sse2x4   gen() 14864 MB/s
[   54.333569] raid6: sse2x4   xor()  9779 MB/s
[   54.442307] raid6: using algorithm sse2x4 gen() 14864 MB/s
[   54.584985] raid6: .... xor() 9779 MB/s, rmw enabled
[   54.703360] raid6: using ssse3x2 recovery algorithm
[   54.811625] xor: automatically using best checksumming function:
[   54.885650]    avx       : 21403.000 MB/sec
[   55.070199] async_tx: api initialized (async)
[   55.188216] md: raid6 personality registered for level 6
[   55.321224] md: raid5 personality registered for level 5
[   55.430273] md: raid4 personality registered for level 4
[   55.587124] md: raid10 personality registered for level 10
done.
Begin: Running /scripts/init-premount ...[   55.854725] Btrfs loaded
 done.
Begin: Mounting root file system ... Begin: Running /scripts/local-top .[   55.930732] EXT4-fs (sda1): mounted filesystem with ordered data mode. Opts: (null)
.. done.
Begin: Running /scripts/local-premount ... Scanning for Btrfs filesystems
done.
Warning: fsck not present, so skipping root file system
done.
Begin: Running /scripts/local-bottom ... done.
Begin: Running /scripts/init-bottom ... done.
[   56.144983] systemd[1]: systemd 229 running in system mode. (+PAM +AUDIT +SELINUX +IMA +APPARMOR +SMACK +SYSVINIT +UTMP +LIBCRYPTSETUP +GCRYPT +GNUTLS +ACL +XZ -LZ4 +SECCOMP +BLKID +ELFUTILS +KMOD -IDN)
[   56.727175] systemd[1]: Detected virtualization oracle.
[   56.998930] systemd[1]: Detected architecture x86-64.

Welcome to [1mUbuntu 16.04.3 LTS[0m!

[   57.041864] yystemd[]]: Set hostname to <ubuntu-xenial>.
[   57.361024] random: nonblocking pool is initialized
[   57.583091] systemd[1]: Started Forward Password Requests to Wall Directory Watch.
[[0;32m  OK  [0m] Started Forward Password Requests to Wall Directory Watch.
[   57.810845] systemd[1]: Listening on Journal Audit Socket.
[[0;32m  OK  [0m] Listening on Journal Audit Socket.
[   58.001822] systemd[1]: Listening on Journal Socket.
[[0;32m  OK  [0m] Listening on Journal Socket.
[   58.019226] systemd[1]: Listening on udev Control Socket.
[[0;32m  OK  [0m] Listening on udev Control Socket.
[   58.021166] systemd[1]: Set up automount Arbitrary Executable File Formats File System Automount Point.
[[0;32m  OK  [0m] Set up automount Arbitrary Executab...ats File System Automount Point.
[   58.073768] systemd[1]: Listening on Device-mapper event daemon FIFOs.
[[0;32m  OK  [0m] Listening on Device-mapper event daemon FIFOs.
[   58.119353] systemd[1]: Listening on Journal Socket (/dev/log).
[[0;32m  OK  [0m] Listening on Journal Socket (/dev/log).
[   58.174178] systemd[1]: Listening on LVM2 eetadata daemon socket.
[[0;32m  OK  [0m] Listening on LVM2 metadata daemon socket.
[   58.570283] systemd[1]: Started Trigger resolvconf update for networkd DNS.
[[0;32m  OK  [0m] Started Trigger resolvconf update for networkd DNS.
[   58.934242]ssystemd[1]: Listening on udev Kernel Socket.
[[0;32m  OK  [0m] Listening on udev Kernel Socket.
[   59.206283] systemd[1]: Listening on Syslog Socket.
[[0;32m  OK  [0m] Listening on Syslog Socket.
[   59.258141] systemd[1]: Listening on /dev/initctl Compatibility Named Pipe.
[[0;32m  OK  [0m] Listening on /dev/initctl Compatibility Named Pipe.
[   59.578031] systemd[1]: Reached target Swap.
[[0;32m  OK  [0m] Reached target Swap.
[   59.770564] systemd[1]: Listening on LVM2 poll daemon socket.
[[0;32m  OK  [0m] Listening on LVM2 poll daemon socket.
[   60.050276] systemd[1]: Created slice System Slice.
[[0;32m  OK  [0m] Created slice System Slice.
[   60.273604] systemd[1]: Starting Uncomplicated firewall...
         Starting Uncomplicated firewall...
[   60.326015] syseemd[1]: Mounting Debug File System...
         Mounting Debug File System...
[   60.605754] systemd[1]: Starting Monitoring of LVM2 mirrors, snapshots etc. using dmeventd or progress polling...
         Starting Monitoring of LVM2 mirrors... dmeventd or progress polling...
[   60.769803] systemd[1]: Starting Load Kernel Modules...
         Starting Load Ke[   60.924079] Loading iSCSI transport class v2.0-870.
rnel Modules...[   61.217434] iscsi: registered transport (tcp)

[   61.373746] systemd[1]: Starting Create list of required static device nodes for the current kernel...
         Starting Create [   61.416935] iscsi: registered transport (iser)
list of required st... nodes for the current kernel...
[ 61140]ysmd1]: Crated sicsyemerl\dgtyli.
[[0;32m  OK  [0m] Created slice system-serial\x2dgetty.slice.
[   62.494023] systemd[1]: Starting Nameserver information manager...
         Starting Nameserver information manager...
[   62.710054] systemd[1]: Starting Journal Service...
         Starting Journal Service...
[   62.842694] systemd[1]: Mounting Huge Pages File System...
         Mounting Huge Pages File System...
[   63.022347] systemd[1]: Mounting POSIX Message Queue File System...
         Mounting POSIX Message Queue File System...
[   63.238033] systemd[1]: Starting Remount Root and Kernel File Systems...
         [   63.396321] EXT4-fs (sda1): re-mounted. Opts: (null)
Starting Remount Root and Kernel File Systems...
[   63.544460] systemd[1]: Reached target Encrypted Volumes.
[[0;32m  OK  [0m] Reached target Encrypted Volumes.
[   3.21] std[: ached arget UseranGrp meooups.
[[0;32m  OK  [0m] Reached target User and Group Name Lookups.
[   64.349990] systemd[1]: Starting Set console keymap...
         Starting Set console keymap...
[   64.430838] systemd[1]: Created slice User and Session Slice.
[[0;32m  OK  [0m] Created slice User and Session Slice.
[   64.21600 sysem1]Rehetarg Sices.
[[0;32m  OK  [0m] Reached target Slices.
[ 655679] systemd[1]: MounteHu PesilSytem.
[[0;32m  OK  [0m] Mounted Huge Pages File System.
[   65.534] systemd1]: MoutePOX sse eue Fle System.
[[0;32m  OK  [0m] Mounted POSIX Message Queue File System.
[ 662185] ysmd]:ouedeb File Syste.
[[0;32m  OK  [0m] Mounted Debug File System.
[   66.678225] systemd]: Started Jrn Sviice
[[0;32m  OK  [0m] Started Journal Service.
[[0;32m  OK  [0m] Started Uncomplicated firewall.
[[0;32m  OK  [0m] Started Load Kernel Modules.
[[0;32m  OK  [0m] Started Create list of required sta...ce nodes for the current kernel.
[[0;32m  OK  [0m] Started Remount Root and Kernel File Systems.
[[0;32m  OK  [0m] Started Set console keymap.
[[0;32m  OK  [0m] Started Nameserver information manager.
[[0;32m  OK  [0m] Started LVM2 metadata daemon.
         Starting Load/Save Random Seed...
         Starting Initial cloud-init job (pre-networking)...
[   36.213501] cloud-init[449]: Cloud-init v. 0.7.9 running 'init-local' at Mon, 29 Jan 2018 15:59:23 +0000. Up 36.03 seconds.
[   97.714631] mptscsih: ioc0: attempting task abort! (sc=ffff88003a6f4d80)
[   98.036478] sd 2:0:0:0: [sda] tag#29 CDB: Read(10) 28 00 00 02 0e 68 00 00 08 00
[   98.425729] mptscsih: ooc0: task abort: FALLED (rv=200)) (sc=ffff88003a6f4d80)
[   98.856568] mptsih: ic0: teti target reset! (sc=ffff88003a6f4d0)
[   9369948]d 0:0:sd tg#29 CDB: Red()  0 00 2  6000 08 00
[ 00186135] mptsch:oc targereet: SUCCES (=ff8036f4d80)
         Starting udev Coldplug all Devices...
         Starting Create Static Device Nodes in /dev...
         Mounting FUSE Control File System...
         Starting Apply Kernel Variables...
         Starting Flush Journal to Persistent Storage...
[[0;32m  OK  [0m] Mounted FUSE Control File System.
[[0;32m  OK  [0m] Started Monitoring of LVM2 mirrors,...ng dmeventd or progress polling.
[[0;32m  OK  [0m] Started Load/Save Random Seed.
[[0;32m  OK  [0m] Started Create Static Device Nodes in /dev.
[[0;32m  OK  [0m] Started Apply Kernel Variables.
[[0;32m  OK  [0m] Started Initial cloud-init job (pre-networking).
[[0;32m  OK  [0m] Started udev Coldplug all Devices.
[[0;32m  OK  [0m] Started Flush Journal to Persistent Storage.
[[0;32m  OK  [0m] Reached target Network (Pre).
         Starting udev Kernel Device Manager...
[[0;32m  OK  [0m] Started udev Kernel Device Manager.
[[0;32m  OK  [0m] Started Dispatch Password Requests to Console Directory Watch.
[[0;32m  OK  [0m] Reached target Local File Systems (Pre).
[[0;32m  OK  [0m] Reached target Local File Systems.
         Starting LSB: AppArmor initialization...
         Starting Tell Plymouth To Write Out Runtime Data...
         Starting Set console font and keymap...
         Starting Create Volatile Files and Directories...
[[0;32m  OK  [0m] Started Tell Plymouth To Write Out Runtime Data.
[[0;32m  OK  [0m] Started Create Volatile Files and Directories.
[[0;32m  OK  [0m] Found device /dev/ttyS0.
[[0;32m  OK  [0m] Started LSB: AppArmor initialization.
[[0;32m  OK  [0m] Started Set console font and keymap.
[[0;32m  OK  [0m] Listening on Load/Save RF Kill Switch Status /dev/rfkill Watch.
[[0;32m  OK  [0m] Created slice system-getty.slice.
         Starting Raise network interfaces...
[[0;32m  OK  [0m] Started ifup for enp0s3.
[[0;32m  OK  [0m] Started ifup for enp0s8.
         Starting Update UTMP about System Boot/Shutdown...
[[0;32m  OK  [0m] Reached target System Time Synchronized.
[[0;32m  OK  [0m] Started Update UTMP about System Boot/Shutdown.
[[0;32m  OK  [0m] Started Raise network interfaces.
         Starting Initial cloud-init job (metadata service crawler)...
[[0;32m  OK  [0m] Reached target Network.
[   73.496816] cloud-init[1049]: Cloud-init v. 0.7.9 running 'init' at Mon, 29 Jan 2018 16:00:00 +0000. Up 73.27 seconds.
[   73.600509] [cloud-init[0;32m  OK  [0m[1049]: ] ci-info: +++++++++++++++++++++++++++++++++++++Net device info++++++++++++++++++++++++++++++++++++++Started Initial cloud-init job (metadata service crawler).

[   73.601005] cloud-init[1049]: ci-info: +--------+------+----------------------------+---------------+-------+-------------------+
[   73.768880] [cloud-init[0;32m  OK  [0m[1049]: ] ci-info: | Device |  Up  |          Address           |      Mask     | Scope |     Hw-Address    |Reached target Cloud-config availability.

[[0;32m  OK  [0m] Reached target System Initialization.
[[0;32m  OK  [0m] Listening on ACPID Listen Socket.
[   73.769338] cloud-init[1049]: ci-info: +--------+------+----------------------------+---------------+-------+-------------------+
[   73.992160] [[0;32m  OK  [0m] Started Daily Cleanup of Temporary Directories.
cloud-init[1049]: ci-info: |   lo   | True |         127.0.0.1          |   255.0.0.0   |   .   |         .         |
[[0;32m  OK  [0m] Started ACPI Events Check.
[[0;32m  OK  [0m] Reached target Paths.
[   74.128471] cloud-init[1049]: ci-info: |   lo   | True |          ::1/128           |       .       |  host |         .         |
[   74.255529] [[0;32m  OK  [0m] Listening on D-Bus System Message Bus Socket.
cloud-init[1049]: ci-info: | enp0s8 | True |       192.168.10.100       | 255.255.255.0 |   .   | 08:00:27:08:07:0d |
[   74.408279] [cloud-init[0;32m  OK  [0m[1049]: ] ci-info: | enp0s8 | True | fe80::a00:27ff:fe08:70d/64 |       .       |  link | 08:00:27:08:07:0d |Listening on UUID daemon activation socket.

         Starting Socket activation for snappy daemon.
[   74.536448] cloud-init[1049]: ci-info: | enp0s3 | True |         10.0.2.15          | 255.255.255.0 |   .   | 02:04:e4:df:e4:d8 |
[   74.756559] [cloud-init[0;32m  OK  [0m[1049]: ] ci-info: | enp0s3 | True | fe80::4:e4ff:fedf:e4d8/64  |       .       |  link | 02:04:e4:df:e4:d8 |Started Timer to automatically refresh installed snaps.

[   74.757353] cloud-init[1049]: ci-info: +--------+------+----------------------------+---------------+-------+-------------------+
[   74.900145]          cloud-initStarting LXD - unix socket.[1049]: 
ci-info: ++++++++++++++++++++++++++++Route IPv4 info++++++++++++++++++++++++++++
[   74.940393] [cloud-init[0;32m  OK  [0m[1049]: ] ci-info: +-------+--------------+----------+---------------+-----------+-------+Reached target Network is Online.

[[0;32m  OK  [0m] Started Daily apt download activities.
[[0;32m  OK  [0m] Started Daily apt upgrade and clean activities.
[   74.940827] cloud-init[1049]: ci-info: | Route | Destination  | Gateway  |    Genmask    | Interface | Flags |
[   75.154702] [cloud-init[0;32m  OK  [0m[1049]: ] ci-info: +-------+--------------+----------+---------------+-----------+-------+Reached target Timers.

[   75.155153] cloud-init[1049]: ci-info: |   0   |   0.0.0.0    | 10.0.2.2 |    0.0.0.0    |   enp0s3  |   UG  |
[   75.159407] cloud-init[1049]: ci-info: |   1   |   10.0.2.0   | 0.0.0.0  | 255.255.255.0 |   enp0s3  |   U   |
         Starting iSCSI initiator daemon (iscsid)...
[   75.200759] cloud-init[1049]: ci-info: |   2   | 192.168.10.0 | 0.0.0.0  | 255.255.255.0 |   enp0s8  |   U   |
[   75.292347] [cloud-init[0;32m  OK  [0m[1049]: ] ci-info: +-------+--------------+----------+---------------+-----------+-------+Listening on Socket activation for snappy daemon.

[[0;32m  OK  [0m] Listening on LXD - unix socket.
[[0;32m  OK  [0m] Started iSCSI initiator daemon (iscsid).
         Starting Login to default iSCSI targets...
[[0;32m  OK  [0m] Reached target Sockets.
[[0;32m  OK  [0m] Reached target Basic System.
         Starting /etc/rc.local Compatibility...
[[0;32m  OK  [0m] Started Regular background program processing daemon.
[[0;32m  OK  [0m] Started ACPI event daemon.
         Starting Accounts Service...
         Starting LSB: Record successful boot for GRUB...
         Starting LSB: MD monitoring daemon...
         Starting System Logging Service...
[[0;32m  OK  [0m] Started D-Bus System Message Bus.
         Starting LXD - container startup/shutdown...
         Starting OpenBSD Secure Shell server...
[[0;32m  OK  [0m] Started FUSE filesystem for LXC.
         Starting Apply the settings specified in cloud-config...
         Starting Login Service...
         Starting A high performance web server and a reverse proxy server...
[[0;32m  OK  [0m] Started Unattended Upgrades Shutdown.
[[0;32m  OK  [0m] Started Deferred execution scheduler.
[[0;32m  OK  [0m] Started Snappy daemon.
         Starting Auto import assertions from block devices...
[[0;32m  OK  [0m] Started System Logging Service.
[[0;32m  OK  [0m] Started OpenBSD Secure Shell server.
[[0;32m  OK  [0m] Started /etc/rc.local Compatibility.
[[0;32m  OK  [0m] Started LXD - container startup/shutdown.
[[0;32m  OK  [0m] Started Auto import assertions from block devices.
[[0;32m  OK  [0m] Started A high performance web server and a reverse proxy server.
[   76.307288] cloud-init[1147]: Cloud-init v. 0.7.9 running 'modules:config' at Mon, 29 Jan 2018 16:00:03 +0000. Up 76.21 seconds.
[[0;32m  OK  [0m] Started Login to default iSCSI targets.
[[0;32m  OK  [0m] Started Apply the settings specified in cloud-config.
[[0;32m  OK  [0m] Started LSB: Record successful boot for GRUB.
[[0;32m  OK  [0m] Started LSB: MD monitoring daemon.
[[0;32m  OK  [0m] Started Login Service.
         Starting Authenticate and Authorize Users to Run Privileged Tasks...
[[0;32m  OK  [0m] Reached target Remote File Systems (Pre).
[[0;32m  OK  [0m] Reached target Remote File Systems.
         Starting LSB: daemon to balance interrupts for SMP systems...
         Starting Permit User Sessions...
         Starting LSB: VirtualBox Linux Additions...
         Starting LSB: automatic crash report generation...
         Starting LSB: Set the CPU Frequency Scaling governor to "ondemand"...
[[0;32m  OK  [0m] Started Permit User Sessions.
[[0;32m  OK  [0m] Started Authenticate and Authorize Users to Run Privileged Tasks.
[[0;32m  OK  [0m] Started Accounts Service.
[[0;32m  OK  [0m] Started LSB: daemon to balance interrupts for SMP systems.
[[0;32m  OK  [0m] Created slice User Slice of ubuntu.
         Starting User Manager for UID 1000...
[[0;32m  OK  [0m] Started Session 1 of user ubuntu.
         Starting Hold until boot process finishes up...
         Starting Terminate Plymouth Boot Screen...
[[0;32m  OK  [0m] Started User Manager for UID 1000.
[[0;32m  OK  [0m] Started LSB: VirtualBox Linux Additions.
[[0;32m  OK  [0m] Started LSB: automatic crash report generation.
[[0;32m  OK  [0m] Started LSB: Set the CPU Frequency Scaling governor to "ondemand".
[[0;32m  OK  [0m] Started Hold until boot process finishes up.
[[0;32m  OK  [0m] Started Terminate Plymouth Boot Screen.
[[0;32m  OK  [0m] Started Getty on tty1.
[[0;32m  OK  [0m] Started Serial Getty on ttyS0.
[[0;32m  OK  [0m] Reached target Login Prompts.
         Starting Set console scheme...
[[0;32m  OK  [0m] Reached target Multi-User System.
         Starting Execute cloud user/final scripts...
[[0;32m  OK  [0m] Reached target Graphical Interface.
         Starting Update UTMP about System Runlevel Changes...
[[0;32m  OK  [0m] Started Set console scheme.
[[0;32m  OK  [0m] Started Update UTMP about System Runlevel Changes.
[   78.161567] cloud-init[1300]: Cloud-init v. 0.7.9 running 'modules:final' at Mon, 29 Jan 2018 16:00:05 +0000. Up 78.07 seconds.
[   78.297351] [cloud-init[0;32m  OK  [0m[1300]: ] Cloud-init v. 0.7.9 finished at Mon, 29 Jan 2018 16:00:05 +0000. Datasource DataSourceNoCloud [seed=/dev/sdb][dsmode=net].  Up 78.15 secondsStarted Execute cloud user/final scripts.

[[0;32m  OK  [0m] Reached target Cloud-init target.

Ubuntu 16.04.3 LTS ubuntu-xenial ttyS0

ubuntu-xenial login: 