[  0000000] Inialiing cgroup suyspuse
[   .0000]Initaliin croup ssy cpu   0.0000 Iitalin cgrp bsys cpac
    0.00000 Lin vsion 4.4.-9-genicbuildd@lgw1-03) ccersin 4. 201069 buntu 5..0ubun1~.04.4) )#1-UbutuMPFri ug1 1:17:51TC017 (Uun 44.0-3.6-eneric4.79)
[   00000] Cmmd line: BOOT_IMA=/ot/vinz-4.4.0-9geeric rooLABEL=cludg-ootf rcosolett cnsol=tS0
[  000000] KERNEL supord pus
  0.0000  Intel GeninInel
[    .000]  MDuthenticAMD
[    0.000000]   CetaurenurHauls
[   0.0000] 6/fpu: xste_ofet]:  576, xta_sizes2] 26
[  000000] 86pu SuportingSAVE fate x01:'x foatig in registers'
[    0.0000] x/fpu: Supporting XSAVE feature 0x02: 'SSE registers'
[    0.000000] x86/fpu: Supporting XSAVE feature 0x04: 'AVX registers'
[    0.000000] x86/fpu: Enabled xstatee features 0x7, context size is 832 bytes, using 'standard' format.
[    0.000000] x86/fpu: Using 'lazy' FPU context switches.
[    0.000000] e820: BIOS-provided physical RAM map:
[    0.000000] BIOS-e820: [mem 0x0000000000000000-0x000000000009fbff] usable
[    0.000000] BIOS-e820: [mem 0x000000000009fc00-0x000000000009ffff] reserved
[    0.000000] BIOS-e820: [mem 0x00000000000f0000-0x00000000000fffff] reserved
[    0.000000] BIOS-e820: [mem 0x0000000000100000-0x000000003ffeffff] usable
[    0.000000] BIOS-e820: [mem 0x000000003fff0000-0x000000003fffffff] ACPI data
[    0.000000] BIOS-e820: [mem 0x00000000fffc0000-0x00000000ffffffff] reserved
[    0.000000] NX (Execute Disable) protection: active
[    0.000000] SMBIOS 2.5 present.
[    0.0000 Hypervsor deected: KV
   0.00000e820: lat_n = 0xff mx_arch_pfn 0x40000
[   00000]TR Disabld    0000] x86/PT:TRRsdibld, skipping PT nitiizion too.
[   ..0000CPU MTRs l blk - irtuaizedsyem
[   00000] x86/PA: onfiraon [0-7] WB WT  UC- UC    WT  UC-   
[   00000] funSM MP-table at [emx009ff-0009ff]apped at [fff88000009fff0
[    0.000000] Scanning 1 arasfor ow moy corrupio
[    0.00000] RAMIS: [mm 36c4000-0x379fff]
[    0.0000]CPI:Eay able checksum eriction disabled
[  .00000] PI RSD 0x0000000E0000 004 v0 VBOX  )
[    0.0000 ACPI: DT0x000003FF0030 00003C (v01 VBOX   VBOXXSDT 000001 ASL  00006
[    0.000000] ACPI: FACP 0x0000003FFF0 0000F4 (v04 VX VBOXFACP000001AS 000006)[   0000] ACPI: DDT0x000000FF0470 001E0B (v01BO  VBXBS 000002IN 20100528
   0.00000]CP: FA 0000000FF200 000040
[   000000]ACI:ACS 0x000003FFF00 0040[   0.00000ACPI: APIC x0000003F020 005Cv02 OX VBOXAPIC 00000001AS 0000061
   0.00000] CPI: SSDT x000000FF02A000CC (v01 VBX   VBOXCPUT 00000002NTL 210528)
  0.00000] No NUMAcoigrati fnd
  0.0000 Fing a node at [mem 000000000000-0x00003ffefff][    0.0000] NDEAT(0) llatd [mm 3feb000-x3efff][   0.0000] m-clckUsng msr 4b56d01an 4b54d
[    0.000] km-oc: cpu 0, msr 0:3e31, priary cpu clock
[    0.000000] kvm-clock: using sched offset of 2958467522 cycles
[    0.000000] clocksource: kvm-clock: mask: 0xffffffffffffffmax_cycle: x1cd2eff, m_ie_ns: 15591483 s    0.000]Zone rge
[   .0000]  DM      [mem 0x000000000000-0x000000ffff
[    0.0000]   DM32    [mm 0x000001000-x000003fefff
[   0.00]   orl  emy[    00000   Dvi  empty
[  0.000 Movablezo stat r ach noe[   0.0000 Ear mory deanges
[   0.0000] node   0:me0x00000000100-00000000009eff]
    .000000]   de   0:[mem 0x00000001000000x000003effff
[  0.000 Initmem setup node 0 [mm 000000000001000x000000003ffefff][    0.000] ACI:M-imer IO Port: 0x40
   0.00000]IOPIC[0]: api_i2,version 17, address 0xec0000 GSI0-
    0000] ACPI: IT_RC_OR us0 buir0 glbair 2 dflfl
[    00000] ACPI:INSR_O (s 0 bu_i 9glob_i 9 highlel)
[  000000]si ACP(MDT for SMP configuration information
[   000000] smpboot Alowin2 Us, 0 hoplg CPs[   0.000000] PM: egisred osavmemory [m x00000-0x0000f]
[  0.0000 P Rgistrenoave mor [me 000f000x09fff
    .00000]M:Registed osave meory:[mem 0x000000x0effff]
[  0.000 PM:Restred sa memory: [m 0x0f000-0x00fff
[    00000 e820:[m 0x4000-0xfffbfff] aille forCIdevis[    00000] Bootngarvirtlid keneon KVM
[    00000] ocource: rein-jffies: sk 0xffffffff macyles:0xfffff, maxdle_s:6451960256 ns
[    0.00000] tu_percpu: NR_CPUS:512nrpuask_bit51nr_cpuid2 r_no_i:1
  0.00000PECPU:Emddd 4 ge/cpu @fff88003c000 s988 192 27 u1048576
[    000000]PV qspinloc hsh tabe nties: 56order0,096 byes
[   0.0000 Bui 1oneltsinNodeorer mbiliy grouping o  tal ge 257913[   0000] Poicy one: DMA3
[    0.000000] erl ommand in BOOT_MAE=/bot/vmlinuz-4.4.0-3-enicro=LELclouimrotfrocosole=tycosole=ttyS0
[    .0000] PD sh tblenries40 (order: 3 368bytes)
[    0.000000] Mor 1001724108120avlable (479 krnl code,294K rwdata,984Koda, 1492 it, 16Kbs, 4639K seved,0Kmareseed
[    0.00000 SUB: Wagn64 Oer0-3, MnOects=0 Cs=, Noes
    0000] iercicalRCimlention.
[   0000000 	Buid-im adjtmnt o lafanout to 64
[    0.0000] 	U strictngPU from NCPS=512 to nr_cpu_ids=2.
[    0000] RCU: Adjutinggeety forcfanot_af64, r_u_ds=2
  0.00000] NR_IRQS:33024 nr_irqs:440 16
[    0.000000] Console: colour VGA+ 80x25
[    0.000000] cnse tty1] enabled
[    0.00000 consle [ttyS0] enabled
[    0.000000] tsc: Detected 2194.918 MHz processor
[   22.151988] Calibrating delay loop (skipped) preset value.. 4389.83 BogoMIPS (lpj=8779672)
[   22.153563] pid_max: default: 32768 minimum: 301
[   22.154407] ACPI: Core revision 20150930
[  22.155925] ACPI: 2 CPI AML tables successfully acquired and loaded
[   22.254881] Security Framework initialized
[   22.351579] Yama: becoming mindful.
[   22.420545] AppArmor: AppArmor initialized
[   22.513840] Dentry cache hash table entries: 131072 (order: 8, 1048576 bytes)
[   22.660783] Inode-cache hash table entries: 65536 (order: 7, 524288 bytes)
[   22.827840] Mount-cache hash table entries: 2048 (order: 2, 16384 bytes)
[   22.972967] Mountpoint-cache hash table entries: 2048 (order: 2, 16384 bytes)
[   23.124657] Initializing cgroup subsys io
[   23.209278] Initializing cgroup subsys memory
[   23.240407] Initializing cgroup subsys devices
[   23.241283] Initializing cgroup subsys freezer
[   23.242154] Initializing cgroup subsys net_cls
[   23.243024] Initializing cgroup subsys perf_event
[   23.243942] Initializing cgroup subsys net_prio
[   23.244935] Initializing cgroup subsys hugetlb
[   23.285726] Initializing cgroup subsys pids
[   23.369980] CPU: Physical Processor ID: 0
[   23.478649] CPU: Processor Core ID: 0
[   23.569403] mce: CPU supports 0 MCE banks
[   23.661674] Last level iTLB entries: 4KB 1024, 2MB 1024, 4MB 1024
[   23.812031] Last level dTLB entries: 4KB 1024, 2MB 1024, 4MB 1024, 1GB 4
[   23.961925] Freeing SMP alternatives memory: 32K (ffffffff820ba000 - ffffffff820c2000)
[   24.158416] ftrace: allocating 32136 entries in 126 pages
[   24.320606] smpboot: APIC(0) Converting physical 0 to logical package 0
[   24.405281] smpboot: Max logical packages: 1
[   24.497947] ..TIMER: vector=0x30 apic1=0 pin1=2 apic2=-1 pin2=-1
[   24.732652] smpboot: CPU0: Intel(R) Core(TM) i7-4770HQ CPU @ 2.20GHz (family: 0x6, model: 0x46, stepping: 0x1)
[   24.985446] Performance Events: unsupported p6 CPU model 70 no PMU driver, software events only.
[   25.170982] KVM setup paravirtual spinlock
[   25.267068] x86: Booting SMP configuration:
[   25.369190] .... node  #0, CPUs:      #1
[   25.413062] kvm-clock: cpu 1, msr 0:3ffe3041, secondary cpu clock
[   25.422060] mce: CPU supports 0 MCE banks
[   25.424569] x86: Booted up 1 node, 2 CPUs
[   25.520830] smpboot: Total of 2 processors activated (8779.67 BogoMIPS)
[   25.671387] devtmpfs: initialized
[   25.750192] evm: security.selinux
[   25.849123] evm: security.SMACK64
[   25.920731] evm: security.SMACK64EXEC
[   26.004592] evm: security.SMACK64TRANSMUTE
[   26.114830] evm: security.SMACK64MMAP
[   26.203629] evm: security.ima
[   26.275284] evm: security.capability
[   26.361357] clocksource: jiffies: mask: 0xffffffff max_cycles: 0xffffffff, max_idle_ns: 7645041785100000 ns
[   26.382404] futex hash table entries: 512 (order: 3, 32768 bytes)
[   26.383738] pinctrl core: initialized pinctrl subsystem
[   26.384976] RTC time: 16:15:48, date: 01/29/18
[   26.387243] NET: Registered protocol family 16
[   26.468744] cpuidle: using governor ladder
[   26.513327] cpuidle: using governor menu
[   26.605062] PCCT header not found.
[   26.685259] ACPI: bus type PCI registered
[   26.742959] acpiphp: ACPI Hot Plug PCI Controller Driver version: 0.5
[   26.744136] PCI: Using configuration type 1 for base access
[   26.759707] ACPI: Added _OSI(Module Device)
[   26.861968] ACPI: Added _OSI(Processor Device)
[   26.974857] ACPI: Added _OSI(3.0 _SCP Extensions)
[   27.020785] ACPI: Added _OSI(Processor Aggregator Device)
[   27.178927] ACPI: Executed 1 blocks of module-level executable AML code
[   27.330288] ACPI: Interpreter enabled
[   27.429231] ACPI: (supports S0 S5)
[   27.513028] ACPI: Using IOAPIC for interrupt routing
[   27.562521] PCI: Using host bridge windows from ACPI; if necessary, use "pci=nocrs" and report a bug
[   27.610476] ACPI: PCI Root Bridge [PCI0] (domain 0000 [bus 00-ff])
[   27.706527] acpi PNP0A03:00: _OSC: OS supports [ASPM ClockPM Segments MSI]
[   27.782492] acpi PNP0A03:00: _OSC failed (AE_NOT_FOUND); disabling ASPM
[   27.861275] acpi PNP0A03:00: fail to add MMCONFIG information, can't access extended PCI configuration space under this bridge.
[   28.163630] PCI host bridge to bus 0000:00
[   28.268766] pci_bus 0000:00: root bus resource [io  0x0000-0x0cf7 window]
[   28.411454] pci_bus 0000:00: root bus resource [io  0x0d00-0xffff window]
[   28.578152] pci_bus 0000:00: root bus resource [mem 0x000a0000-0x000bffff window]
[   28.683196] pci_bus 0000:00: root bus resource [mem 0x40000000-0xffdfffff window]
[   28.702251] pci_bus 0000:00: root bus resource [bus 00-ff]
[   28.831676] pci 0000:00:01.1: legacy IDE quirk: reg 0x10: [io  0x01f0-0x01f7]
[   29.022224] pci 0000:00:01.1: legacy IDE quirk: reg 0x14: [io  0x03f6]
[   29.177185] pci 0000:00:01.1: legacy IDE quirk: reg 0x18: [io  0x0170-0x0177]
[   29.356338] pci 0000:00:01.1: legacy IDE quirk: reg 0x1c: [io  0x0376]
[   29.530277] ACPI: PCI Interrupt Link [LNKA] (IRQs 5 9 10 11) *0, disabled.
[   29.685414] ACPI: PCI Interrupt Link [LNKB] (IRQs 5 9 10 *11)
[   29.751202] ACPI: PCI Interrupt Link [LNKC] (IRQs 5 9 *10 11)
[   29.836233] ACPI: PCI Interrupt Link [LNKD] (IRQs 5 *9 10 11)
[   29.959869] ACPI: Enabled 2 GPEs in block 00 to 07
[   30.067347] vgaarb: setting as boot device: PCI:0000:00:02.0
[   30.201670] vgaarb: device added: PCI:0000:00:02.0,decodes=io+mem,owns=io+mem,locks=none
[   30.402241] vgaarb: loaded
[   30.475767] vgaarb: bridge control possible 0000:00:02.0
[   30.600027] SCSI subsystem initialized
[   30.701525] ACPI: bus type USB registered
[   30.783728] usbcore: registered new interface driver usbfs
[   30.854351] usbcore: registered new interface driver hub
[   30.992766] usbcore: registered new device driver usb
[   31.039912] PCI: Using ACPI for IRQ routing
[   31.059106] NetLabel: Initializing
[   31.130419] NetLabel:  domain hash size = 128
[   31.229542] NetLabel:  protocols = UNLABELED CIPSOv4
[   31.327467] NetLabel:  unlabeled traffic allowed by default
[   31.473371] amd_nb: Cannot enumerate AMD northbridges
[   31.580070] clocksource: Switched to clocksource kvm-clock
[   317291Aprm: AppArmo Fesstem Enabled
  2.04] p:nPAC it  2.71] p:nPCP fnd dic
[   32.979897] clocksource: acpi_pm: mask: 0xffffff max_cycles: 0xffffff, max_idle_ns: 2085701024 ns
[   33.016572] NET: Registered protocol family 2
[   33.028926] TCP established hash table entries: 8192 (order: 4, 65536 bytes)
[   33.030109] TCP bind hash table entries: 8192 (order: 5, 131072 bytes)
[   33.031217] TCP: Hash tables configured (established 8192 bind 8192)
[   33.032316] UDP hash table entries: 512 (order: 2, 16384 bytes)
[   33.033337] UDP-Lite hash table entries: 512 (order: 2, 16384 bytes)
[   33.034436] NET: Registered protocol family 1
[   33.035238] pci 0000:00:00.0: Limiting direct PCI/PCI transfers
[   33.036267] pci 0000:00:01.0: Activating ISA DMA hang workarounds
[   33.038810] Unpacking initramfs...
[   347703800] Freeing initrd memory: 10840K (ffff880036ac4000 - ffff88003755a000)
[   35.018693]ppaatform rtc_cmos: registered platform RTC device (no PNP device found)
[   35.154272] Scanning for low memory corruption every 60 seconds
[   35.169805] audit: initializing netlink subsys (disabled)
[   35.185257] audit: type=2000 audit(1517242530.803:1): initialized
[   35.331115] Initialise system trusted kyyring
[   35.531630] HugeTLB registered 2 MB page size, pre-allocated 0 pages
[   35.729798] zbud: loaded
[   35.829397] VFS: Disk quotas dquot_6.6.0
[   36.028979] tsc: Refined TSC clocksource calibration: 2195.060 MHz
[   36.251719] clocksource: tsc: mask: 0xffffffffffffffff max_cycles: 0x1fa3f82eccc, max_idle_ns: 440795283855 ns
[   36.251851] VFS: Dquot-cache hash table entriss: 512 (order 0, 4096 bytes)
[   36.252195] squashfs: version 4.0 (2009/01/31) Phillip Lougher
ÿ[   36.500726] fuse init (API version 7.23)
[   36.500864] Key type big_key registered
[   36.500881] Allocating IMA MOK and blacklist keyrings.
[   36.501062] Key type asymmetric registered
[   36.501068] Asymmetric key parser 'x509' registered
[   36.501098] Block layer SCSI generic (bsg) driver version 0.4 loaded (major 249)
[   36.501132] io scheduler noop registered
[   36.501134] io scheduler deadline registered (default)
[   36.501158] io scheduler cfq registered
[   36.501248] pci_hotplug: PCI Hot Plug PCI Core version: 0.5
[   36.501252] pciehp: PCI Express Hot Plug Controller Driver version: 0.4
[   36.501582] ACPI: AC Adapter [AC] (on-line)
[   36.501628] input: Power Button as /devices/LNXSYSTM:00/LNXPWRBN:00/input/input0
[   36.501631] ACPI: Power Button [PWRF]
[   36.501690] input: Sleep Button as /devices/LNXSYSTM:00/LNXSLPBN:00/input/input1
[   36.501691] ACPI: Sleep Butoon [SLPF]
[   36.501806] GHES: HEST is not enabled!
[   36.502733] ACPI: Battery Slot [BAT0] (battery present)
[   36.502769] Serial: 8250/16550 driver, 32 ports, IRQ sharing enabled
[   36.732716] 00:02: ttyS0 at I/O 0x3f8 (irq = 4, base_baud = 115200) is a 16550A
[   36.889553] Linux agpgart interface v0.103
[   36.905688] loop: module loaded
[   36.906156] scsi host0: ata_piix
[   36.906204] scsi host1: ata_piix
[   36.906229] ata1: PATA max UDMA/33 cmd 0x1f0 ctl 0x3f6 bmdma 0xd000 irq 14
[   36.906229] ata2: PATA max UDMA/33 cmd 0x170 ctl 0x376 bmdma 0xd008 irq 15
[   36.906293] libphy: Fixed MDIO Bus: probed
[   36.906296] tun: Universal TUN/TAP device driver, 1.6
[   36.906296] tun: (C) 1999-2004 Max Krasnyansky <maxk@qualcomm.com>
[   36.906586] PPP generic driver version 2.4.2
[   36.906637] ehci_hcd: USB 2.0 'Enhanced' Host Controller (EHCI) Driver
[   36.906641] ehci-pci: EHCI PCI platform driver
[   36.906654] ehci-platform: EHCI generic platform driver
[   36.906661] ohci_hcd: USB 1.1 'Open' Host Controller (OHCI) Driver
[   36.906664] ohci-pci: OHCI PCI platform driver
[   36.906671] ohci-platform: OHCI generic platform driver
[   36.906677] uhci_hcd: USB Universal Host Controller Interface driver
[   36.906728] i8042: PNP: PS/2 Controller [PNP0303:PS2K,PNP0f03:PS2M] at 0x60,0x64 irq 1,12
[   36.907168] serio: i8042 KBD port at 0x60,0x64 irq 1
[   36.907171] serio: i8042 AUX port at 0x60,0x64 irq 12
[   36.907254] mousedev: PS/2 mouse device common for all mice
[   36.907527] input: AT Translated Set 2 keyboard as /devices/platform/i8042/serio0/input/input2
[   36.907829] rtc_cmos rtc_cmos: rtc core: registered rtc_cmos as rtc0
[   36.907882] rtc_cmos rtc_cmos: alarms up to one day, 114 bytes nvram
[   36.907888] i2c /dev entries driver
[   36.907936] device-mapper: uevent: version 1.0.3
[   36.907979] device-mapper: ioctl: 4.34.0-ioctl (2015-10-28) initialised: dm-devel@redhat.com
[   36.907990] ledtrig-cpu: registered to indicate activity on CPUs
[   36.908489] NET: Registered protocol family 10
[   36.908629] NET: Registered protocol family 17
[   36.908639] Key type dns_resolver registered
[   36.908752] microcode: CPU0 sig=0x40661, pf=0x40, revision=0x0
[   36.910009] microcode: CPU1 sig=0x40661, pf=0x40, revision=0x0
[   36.910033] microcode: Microcode Update Driver: v2.01 <tigran@aivazian.fsnet.co.uk>, Peter Oruba
[   36.910138] registered taskstats version 1
[   36.910152] Loading compiled-in X.509 certificates
[   36.910731] Loaded X.509 cert 'Build time autogenerated kernel key: a6f98c496ad22c223b77f8fe21ff88c41791cbd4'
[   36.910746] zswap: loaded using pool lzo/zbud
[   36.911935] Key type trusted registered
[   36.913869] Key type encrypted registered
[   36.913873] AppArmor: AppArmor sha1 policy hashing enabled
[   36.913876] ima: No TPM chip found, activating TPM-bypass!
[   36.913892] evm: HMAC attrs: 0x1
[   36.914136]   Magic number: 2:565:288
[   36.914154] tty tty21: hash matches
[   36.914162] acpi PNP0400:01: hash matches
[   36.932632] rtc_cmos rtc_cmos: setting system clock to 2018-01-29 16:15:58 UTC (1517242558)
[   36.932725] BIOS EDD facility v0.16 2004-Jun-25, 0 devices found
[   36.932726] EDD information not available.
[   42.763555] Freeing unused kernel memory: 1492K (ffffffff81f45000 - ffffffff820ba000)
[   44.138972] Write protecting the kernel read-only data: 14336k
[   44.282024] Freeing unused kernel memory: 1748K (ffff88000184b000 - ffff880001a00000)
[   44.481097] Freeing unused kernel memory: 112K (ffff880001de4000 - ffff880001e00000)
Loading, please [   44.674571] random: systemd-udevd: uninitialized urandom read (16 bytes read, 4 bits of entropy available)
wait...
startin[   44.675081] random: udevadm: uninitialized urandom read (16 bytes read, 4 bits of entropy available)
g version 229
[   44.675113] random: udevadm: uninitialized urandom read (16 bytes read, 4 bits of entropy available)
[   44.675203] random: udevadm: uninitialized urandom read (16 bytes read, 4 bits of entropy available)
[   44.675237] random: udevadm: uninitialized urandom read (16 bytes read, 4 bits of entropy available)
[   44.675269] random: udevadm: uninitialized urandom read (16 bytes read, 4 bits of entropy available)
[   44.675300] random: udevadm: uninitialized urandom read (16 bytes read, 4 bits of entropy available)
[   44.675330] random: udevadm: uninitialized urandom read (16 bytes read, 4 bits of entropy available)
[   44.675361] random: udevadm: uninitialized urandom read (16 bytes read, 4 bits of entropy available)
[   44.675402] random: udevadm: uninitialized urandom read (16 bytes read, 4 bits of entropy available)
[   45.914895] e1000: Intel(R) PRO/1000 Network Driver - version 7.3.21-k8-NAPI
[   46.069190] e1000: Copyright (c) 1999-2006 Intel Corporation.
[   46.087567] Fusion MPT base driver 3.04.20
[   46.108524] Copyright (c) 1999-2008 LSI Corporation
[   46.254797] Fusion MPT SPI Host driver 3.04.20
[   46.389881] input: ImExPS/2 Generic Explorer Mouse as /devices/platform/i8042/serio1/input/input4
[   46.610537] AVX version of gcm_enc/dec engaged.
[   46.714887] AES CTR mode by8 optimization enabled
[   46.865999] e1000 0000:00:03.0 eth0: (PCI:33MHz:32-bit) 02:04:e4:df:e4:d8
[   47.044395] e1000 0000:00:03.0 eth0: Intel(R) PRO/1000 Network Connection
[   47.521835] e1000 0000:00:08.0 eth1: (PCI:33MHz:32-bit) 08:00:27:f1:1b:24
[   47.689314] e1000 0000:00:08.0 eth1: Intel(R) PRO/1000 Network Connection
[   47.886142] e1000 0000:00:03.0 enp0s3: renamed from eth0
[   48.148788] mptbase: ioc0: Initiating bringup
[   48.264445] e1000 0000:00:08.0 enp0s8: renamed from eth1
[   48.329242] ioc0: LSI53C1030 A0: Capabilities={Initiator}
[   48.821263] scsi host2: ioc0: LSI53C1030 A0, FwRev=00000000h, Ports=1, MaxQ=256, IRQ=20
[   49.097305] floppy0: no floppy controllers found
[   49.097341] work still pending
[   49.457452] scsi 2:0:0:0: Direct-Access     VBOX     HARDDISK         1.0  PQ: 0 ANSI: 5
[   50.715902] scsi target2:0:0: Beginning Domain Validation
[   51.506763] scsi target2:0:0: Domain Validation skipping write tests
[   52.490725] scsi target2:0:0: Ending Domain Validation
[   52.592088] scsi target2:0:0: asynchronous
[   52.621247] scsi 2:0:1:0: Direct-Access     VBOX     HARDDISK         1.0  PQ: 0 ANSI: 5
[   52.672546] scsi target2:0:1: Beginning Domain Validation
[   53.512910] scsi target2:0:1: Domain Validation skipping write tests
[   53.670051] scsi target2:0:1: Ending Domain Validation
[   53.725951] scsi target2:0:1: asynchronous
[   54.101973] sd 2:0:0:0: [sda] 20971520 512-byte logical blocks: (10.7 GB/10.0 GiB)
[   54.102039] sd 2:0:0:0: Attached scsi generic sg0 type 0
[   54.102426] sd 2:0:1:0: [sdb] 20480 512-byte logical blocks: (10.5 MB/10.0 MiB)
[   54.102606] sd 2:0:1:0: [sdb] Write Protect is off
[   54.102691] sd 2:0:1:0: [sdb] Incomplete mode parameter data
[   54.102692] sd 2:0:1:0: [sdb] Assuming drive cache: write through
[   54.102791] sd 2:0:1:0: Attached scsi generic sg1 type 0
[   54.104333] sd 2:0:1:0: [sdb] Attached SCSI disk
[   54.827754] sd 2:0:0:0: [sda] Write Protect is off
[   54.828990] sd 2:0:0:0: [sda] Incomplete mode parameter data
[   54.829949] sd 2:0:0:0: [sda] Assuming drive cache: write through
[   54.832642]  sda: sda1
[   54.930905] sd 2:0:0:0: [sda] Attached SCSI disk
Begin: Loading e[   56.399906] md: linear personality registered for level -1
ssential drivers[   56.681838] md: multipath personality registered for level -4
 ... [   56.941871] md: raid0 personality registered for level 0
[   56.985349] md: raid1 personality registered for level 1
[   57.161294] raid6: sse2x1   gen() 10345 MB/s
[   57.432566] raid6: sse2x1   xor()  7984 MB/s
[   57.724792] raid6: sse2x2   gen() 12605 MB/s
[   57.958423] raid6: sse2x2   xor()  9407 MB/s
[   58.108195] raid6: sse2x4   gen() 11150 MB/s
[   58.212071] raid6: sse2x4   xor()  9881 MB/s
[   58.333660] raid6: using algorithm sse2x2 gen() 12605 MB/s
[   58.579174] raid6: .... xor() 9407 MB/s, rmw enabled
[   58.888838] raid6: using ssse3x2 recovery algorithm
[   59.149356] xor: automatically using best checksumming function:
[   59.224336]    avx       : 20445.000 MB/sec
[   59.346363] async_tx: api initialized (async)
[   59.565605] md: raid6 personality registered for level 6
[   59.840299] md: raid5 personality registered for level 5
[   60.060881] md: raid4 personality registered for level 4
[   60.249910] md: raid10 personality registered for level 10
done.
Begin: Running /scripts/init-premount ... done.
Begin: M[   60.293841] Btrfs loaded
ounting root file system ... Begin: Running /scripts/local-top ... done.
Begin: Running /scripts/local-premount ... Scanning for Btrfs filesystems
done.
Warning: fsck no[   60.403591] EXT4-fs (sda1): mounted filesystem with ordered data mode. Opts: (null)
t present, so skipping root file system
done.
Begin: Running /scripts/local-bottom ... done.
Begin: Running /scripts/init-bottom ... done.
[   60.892701] systemd[1]: systemd 229 running in syseem mode. (+PAM +AUDIT +SELINUX +IMA +APPARMOR +SMACK +SYSVINIT +UTMP +LIBCRYPTSETUP +GCRYPT +GNUTLS +ACL +XZ -LZ4 +SECCOMP +BLKID +ELFUTILS +KMOD -IDN)
[   61.361330] systemd[1]: Detected virtualization oracle.
[   61.370057] systemd[1]: Detected architecture x86-64.

Welcome to [1mUbuntu 16.04.3 LTS[0m!

[   1.51] std[: t stnametoubun>.
[   61.935488] systemd[1]: Initializing machine ID from random generator.
[   62.096777] systemd[1]: Installed transient /etc/machine-id file.
[   62.334033] systemd[1]: Reached target Swap.
[[0;32m  OK  [0m] Reached target Swap.
[   624378 ste[1 Rch targ Ecrypd lus.
[[0;32m  OK  [0m] Reached target Encrypted Volumes.
[ 637262] syste[1 Ltengn M2etada em ske
[[0;32m  OK  [0m] Listening on LVM2 metadata daemon socket.
[  63.8056syem1]: Set uputou AitryxetaleilFoatFi Sstm tounPont.
[[0;32m  OK  [0m] Set up automount Arbitrary Executab...ats File System Automount Point.
[ 64976] sstd[: ard rwd ssrdeqsttoalDictoy Watch.

[[0;32m  OK  [0m] Started Forward Password Requests to Wall Directory Watch.
[   .73204] system1]Lienng oDeceapr endamoFIs.
[[0;32m  OK  [0m] Listening on Device-mapper event daemon FIFOs.
[ 66373]ysemd[1] Raced target User and Group Name Lookups.
[[0;32m  OK  [0m] Reached target User and Group Name Lookups.
[ 66.9782]ysmd]: Cretesle st Sic
[[0;32m  OK  [0m] Created slice System Slice.
[ 67407]ysmd[1]: Ltenig on udv rn Sket.
[[0;32m  OK  [0m] Listening on udev Kernel Socket.
[   68.09270]ysmd]:isni oud Ctr Ske
[[0;32m  OK  [0m] Listening on udev Control Socket.
[  68.484] systed[]:isteinon Jurl ck (evog
[[0;32m  OK  [0m] Listening on Journal Socket (/dev/log).
[ 69800]ysmd]:isnig on ural Ske
[[0;32m  OK  [0m] Listening on Journal Socket.
[   70.004819] systemd[1]: Starting Nameserver information manager...
[   70.070052] random: nonblocking pool is initialized
         Starting Nameserver information manager...
[   70.288674] systemd[1]: Mounting Debug File System...
         Mounting Debug File System...
[   70.460615] systemd[1]: Starting Load Kernel Modules...
         Starting Load Kernel Modules...
[   70.604386] systemd[1]: Mounting POSIX Message Queue File System...
         Mounting POSIX Message Queue File System...
[   70.607204] systemd[1]: Starting Remount Root and Kernel File Systems...
[   70.608509] Loading iSCSI transport class v2.0-870.
         Starting Remount Root and Kernel File Systems...
[   70.611205] systemd[1]: Starting Create list of required static device nodes for the current kernel...
         [   70.915629] EXT4-fs (sda1): re-mounted. Opts: (null)
Starting Create [   71.101990] iscsi: registered transport (tcp)
list of required st... nodes for the current kernel...
[   71.148691] iscsi: registered transport (iser)
[   71.174979] systemd[1]: Starting Set console keymap...
         Starting Set console keymap...
[   71.317592] systemd[1]: Created slice User and Session Slice.
[[0;32m  OK  [0m] Created slice User and Session Slice.
[ 71095]ysmd1]: Started riger soco uate for neorkd D.
[[0;32m  OK  [0m] Started Trigger resolvconf update for networkd DNS.
[   72.286] ysem[1 Cead ic stesealx2et.sce.
[[0;32m  OK  [0m] Created slice system-serial\x2dgetty.slice.
[   72.960718] systemd[1]: Starting Uncomplicated firewall...
         Starting Uncomplicated firewall...
[   73.1330] stmd]:Reahetaetlis.
[[0;32m  OK  [0m] Reached target Slices.
[   73.660508] systemd[1]: Starting Monitoring of LVM2 mirrors, snapshots etc. using dmeventd or progress polling...
         Starting Monitoring of LVM2 mirrors... dmeventd or progress polling...
[   74.0278 systemd]:isni oSyogSocet

[[0;32m  OK  [0m] Listening on Syslog Socket.
[ 74161]ysmd[1]: Liseng on M2oldaon socket
[[0;32m  OK  [0m] Listening on LVM2 poll daemon socket.
[ 75.14924 ste[1 Ltengn /dev/iitl mpibitNad ipe.
[[0;32m  OK  [0m] Listening on /dev/initctl Compatibility Named Pipe.
[   75.856724] systemd[1]: Mounting Huge Pages File System...
         Mounting Huge Pages File System...
[   76.01312 systemd[1]: Lieng  Jrn Aitoct.
[[0;32m  OK  [0m] Listening on Journal Audit Socket.
[   76.616920] systemd[1]: Starting Journal Service...
         Starting Journal Service...
[   76.781294] systemd[1]: Mounted Huge Pages File System.
[[0;32m  OK  [0m] Mounted Huge Pages File System.
[ 76957426]syemd[]:ouedPOSIMeagQue leysm.
[[0;32m  OK  [0m] Mounted POSIX Message Queue File System.
[ 77.4891] ysmd[1 Mnt Dug Fe System.
[[0;32m  OK  [0m] Mounted Debug File System.
[ 78529]ysmd]:taedoualService.
[[0;32m  OK  [0m] Started Journal Service.
[[0;32m  OK  [0m] Started Load Kernel Modules.
[[0;32m  OK  [0m] Started Remount Root and Kernel File Systems.
[[0;32m  OK  [0m] Started Create list of required sta...ce nodes for the current kernel.
[[0;32m  OK  [0m] Started Set console keymap.
[[0;32m  OK  [0m] Started Uncomplicated firewall.
[[0;32m  OK  [0m] Started Nameserver information manager.
[[0;32m  OK  [0m] Started LVM2 metadata daemon.
         Starting Create Static Device Nodes in /dev...
         Starting Initial cloud-init job (pre-networking)...
         Starting udev Coldplug all Devices...
         Starting Load/Save Random Seed...
         Mounting FUSE Control File System...
         Starting Apply Kernel Variables...
         Starting Flush Journal to Persistent Storage...
[[0;32m  OK  [0m] Mounted FUSE Control File System.
[[0;32m  OK  [0m] Started Create Static Device Nodes in /dev.
[[0;32m  OK  [0m] Started Load/Save Random Seed.
[[0;32m  OK  [0m] Started Apply Kernel Variables.
[[0;32m  OK  [0m] Started udev Coldplug all Devices.
[[0;32m  OK  [0m] Started Flush Journal to Persistent Storage.
[[0;32m  OK  [0m] Started Monitoring of LVM2 mirrors,...ng dmeventd or progress polling.
         Starting udev Kernel Device Manager...
[[0;32m  OK  [0m] Started udev Kernel Device Manager.
[[0;32m  OK  [0m] Started Dispatch Password Requests to Console Directory Watch.
[[0;32m  OK  [0m] Reached target Local File Systems (Pre).
[[0;32m  OK  [0m] Reached target Local File Systems.
         Starting Tell Plymouth To Write Out Runtime Data...
[   48.674343] cloud-init[450]: Cloud-init v. 0.7.9 running 'init-local' at Mon, 29 Jan 2018 16:16:41 +0000. Up 48.40 seconds.
         Starting Set console font and keymap...
         Starting Create Volatile Files and Directories...
         Starting LSB: AppArmor initialization...
         Starting Commit a transient machine-id on disk...
[[0;32m  OK  [0m] Started Tell Plymouth To Write Out Runtime Data.
[[0;32m  OK  [0m] Started Set console font and keymap.
[[0;32m  OK  [0m] Started Create Volatile Files and Directories.
[[0;32m  OK  [0m] Started Commit a transient machine-id on disk.
[[0;32m  OK  [0m] Started Initial cloud-init job (pre-networking).
[[0;32m  OK  [0m] Found device /dev/ttyS0.
[[0;32m  OK  [0m] Listening on Load/Save RF Kill Switch Status /dev/rfkill Watch.
[[0;32m  OK  [0m] Reached target Network (Pre).
         Starting Update UTMP about System Boot/Shutdown...
[[0;32m  OK  [0m] Reached target System Time Synchronized.
[[0;32m  OK  [0m] Created slice system-getty.slice.
[[0;32m  OK  [0m] Started LSB: AppArmor initialization.
[[0;32m  OK  [0m] Started Update UTMP about System Boot/Shutdown.
         Starting Raise network interfaces...
[[0;32m  OK  [0m] Started ifup for enp0s3.
[[0;32m  OK  [0m] Started Raise network interfaces.
[[0;32m  OK  [0m] Reached target Network.
         Starting Initial cloud-init job (metadata service crawler)...
[   52.504653] cloud-init[966]: Cloud-init v. 0.7.9 running 'init' at Mon, 29 Jan 2018 16:16:44 +0000. Up 52.01 seconds.
[   52.584834] cloud-init[966]: ci-info: +++++++++++++++++++++++++++++++++++++Net device info++++++++++++++++++++++++++++++++++++++
[   52.585085] cloud-init[966]: ci-info: +--------+-------+---------------------------+---------------+-------+-------------------+
[[0;32m  OK  [0m] Started Initial cloud-init job (metadata service crawler).
[   52.585239] cloud-init[966]: ci-info: | Device |   Up  |          Address          |      Mask     | Scope |     Hw-Address    |
[   53.005121] cloud-init[966]: ci-info: +--------+-------+---------------------------+---------------+-------+-------------------+
[   53.005720] cloud-init[966]: ci-info: | enp0s8 | False |             .             |       .       |   .   | 08:00:27:f1:1b:24 |
[[0;32m  OK  [0m] Reached target Cloud-config availability.
[[   53.005917] cloud-init[0;32m  OK  [0m[966]: ] ci-info: | enp0s3 |  True |         10.0.2.15         | 255.255.255.0 |   .   | 02:04:e4:df:e4:d8 |Reached target System Initialization.

[[   53.294703] cloud-init[966]: ci-info: | enp0s3 |  True | fe80::4:e4ff:fedf:e4d8/64 |       .       |  link | 02:04:e4:df:e4:d8 |
[   53.489753] cloud-init[966]: ci-info: |   lo   |  True |         127.0.0.1         |   255.0.0.0   |   .   |         .         |
[0;32m  OK  [0m] Listening on D-Bus System Message Bus Socket.
[[   53.489926] cloud-init[966]: ci-info: |   lo   |  True |          ::1/128          |       .       |  host |         .         |
[   53.798338] cloud-init[966]: ci-info: +--------+-------+---------------------------+---------------+-------+-------------------+
[0;32m  OK  [0m] Started Timer to automatically refresh installed snaps.
[[   53.798559] cloud-init[966]: ci-info: +++++++++++++++++++++++++++Route IPv4 info++++++++++++++++++++++++++++
[   54.089365] cloud-init[966]: ci-info: +-------+-------------+----------+---------------+-----------+-------+
[0;32m  OK  [0m] Started Daily Cleanup of Temporary Directories.
[[   54.089496] cloud-init[966]: ci-info: | Route | Destination | Gateway  |    Genmask    | Interface | Flags |
[   54.288976] cloud-init[966]: ci-info: +-------+-------------+----------+---------------+-----------+-------+
[   54.289067] cloud-init[966]: ci-info: |   0   |   0.0.0.0   | 10.0.2.2 |    0.0.0.0    |   enp0s3  |   UG  |
[   54.289188] cloud-init[966]: ci-info: |   1   |   10.0.2.0  | 0.0.0.0  | 255.255.255.0 |   enp0s3  |   U   |
[   54.289320] cloud-init[966]: ci-info: +-------+-------------+----------+---------------+-----------+-------+
[   54.289519] cloud-init[966]: Generating public/private rsa key pair.
[   54.289618] cloud-init[966]: Your identification has been saved in /etc/ssh/ssh_host_rsa_key.
[   54.289754] cloud-init[966]: Your public key has been saved in /etc/ssh/ssh_host_rsa_key.pub.
[   54.289895] cloud-init[966]: The key fingerprint is:
[   54.290042] cloud-init[966]: SHA256:Hv88t8UuDpq22QizqJgxA3ri0TUc/Tbc5Fpm1hNn1zY root@ubuntu-xenial
[   54.290183] cloud-init[966]: The key's randomart image is:
[   54.290324] cloud-init[966]: +---[RSA 2048]----+
[   54.290483] cloud-init[966]: |                 |
[   54.290606] cloud-init[966]: |      .         .|
[   54.290735] cloud-init[966]: |     . .   . . E+|
[   54.290864] cloud-init[966]: |    . . o + . +.o|
[   54.290995] cloud-init[966]: |.    +  S= B o   |
[   54.291126] cloud-init[966]: |... . ...oB   .. |
[   54.291255] cloud-init[966]: |o.=.    +.. .   o|
[   54.291387] cloud-init[966]: |.o.*   . +.O..oo |
[   54.291515] cloud-init[966]: | .o ... ..*.++oo.|
[   54.291643] cloud-init[966]: +----[SHA256]-----+
[   54.291774] cloud-init[966]: Generating public/private dsa key pair.
[   54.291903] cloud-init[966]: Your identification has been saved in /etc/ssh/ssh_host_dsa_key.
[   54.292190] cloud-init[966]: Your public key has been saved in /etc/ssh/ssh_host_dsa_key.pub.
[   54.292312] cloud-init[966]: The key fingerprint is:
[   54.292440] cloud-init[966]: SHA256:+uqCvnGWxdMGjYkT2ds1SxHXYmpFE4wfb7Ag6uU4acg root@ubuntu-xenial
[   54.292572] cloud-init[966]: The key's randomart image is:
[   54.292704] cloud-init[966]: +---[DSA 1024]----+
[   54.292830] cloud-init[966]: |    .o    o*=o   |
[   54.292961] cloud-init[966]: |    .o.+. *.B..  |
[   54.293090] cloud-init[966]: |    o ++.+ O *   |
[   54.293220] cloud-init[966]: |     oooo + o o  |
[   54.293350] cloud-init[966]: |   . o+=S.   .   |
[   54.293479] cloud-init[966]: |    Eo*+.        |
[   54.293609] cloud-init[966]: |  ..+...         |
[   54.293738] cloud-init[966]: |  .+.  .         |
[   54.293869] cloud-init[966]: | .o. oo..        |
[   54.294000] cloud-init[966]: +----[SHA256]-----+
[   54.294128] cloud-init[966]: Generating public/private ecdsa key pair.
[   54.294258] cloud-init[966]: Your identification has been saved in /etc/ssh/ssh_host_ecdsa_key.
[0;32m  OK  [0m] Listening on UUID daemon activation socket.
[   54.294444] cloud-init[966]: Your public key has been saved in /etc/ssh/ssh_host_ecdsa_key.pub.
[   56.448334] cloud-init[966]: The key fingerprint is:
[   56.448670] cloud-init[966]: SHA256:NHJiYAzMTP5fNyaX5GZL1zWXlsTQ0ZJJN1XsDv63LaI root@ubuntu-xenial
         Starting LXD - unix socket.
[[   56.448846] cloud-init[966]: The key's randomart image is:
[   56.634033] cloud-init[966]: +---[ECDSA 256]---+
[0;32m  OK  [0m] Listening on ACPID Listen Socket.
[   56.634252] cloud-init[966]: | =ooo        o=BO|
[   56.812803] cloud-init[966]: | .+...        =+*|
[   56.813336] cloud-init[966]: |  .   + + .    Bo|
         Starting Socket activation for snappy daemon.
[   56.813623] cloud-init[966]: |   . . = + . .o.+|
[   56.992623] cloud-init[966]: |    .   S @ ...o |
[   56.993165] cloud-init[966]: |     . . O +  . .|
[[0;32m  OK  [0m] Started ACPI Events Check.
[[   56.993401] cloud-init[966]: |      .   .    . |
[   57.153747] cloud-init[966]: |            . . +|
[0;32m  OK  [0m] Reached target Paths.
[   57.153921] cloud-init[966]: |          E. . o+|
[[0;32m  OK  [0m] Reached target Network is Online.
[   57.301662] cloud-init[966]: +----[SHA256]-----+
[   57.436363] cloud-init[966]: Generating public/private ed25519 key pair.
[   57.436673] cloud-init[966]: Your identification has been saved in /etc/ssh/ssh_host_ed25519_key.
         Starting iSCSI initiator daemon (iscsid)...
[[   57.436799] cloud-init[966]: Your public key has been saved in /etc/ssh/ssh_host_ed25519_key.pub.
[   57.784837] cloud-init[966]: The key fingerprint is:
[0;32m  OK  [0m] Started Daily apt download activities.
[[   57.784917] cloud-init[966]: SHA256:I+JoIn6/wQMKWQjMy44c5vJEAU2027/Eg6bOVfuk0ds root@ubuntu-xenial
[   58.060870] cloud-init[966]: The key's randomart image is:
[0;32m  OK  [0m] Started Daily apt upgrade and clean activities.
[[   58.061093] cloud-init[966]: +--[ED25519 256]--+
[   58.197285] cloud-init[966]: |==o              |
[0;32m  OK  [0m] Reached target Timers.
[   58.197531] cloud-init[966]: |.+o.             |
[   58.296797] cloud-init[966]: |o +.             |
[   58.297073] cloud-init[966]: | B.o             |
[[0;32m  OK  [0m] Listening on LXD - unix socket.
[[   58.297228] cloud-init[966]: |O.o.o o S        |
[   58.414762] cloud-init[966]: |++ooo* + .       |
[0;32m  OK  [0m] Listening on Socket activation for snappy daemon.
[   58.414878] cloud-init[966]: |++o =+B o        |
[   58.488302] cloud-init[966]: |o+.= .oB o       |
[[0;32m  OK  [0m] Started iSCSI initiator daemon (iscsid).
[   58.488946] cloud-init[966]: | o= .o+ o E      |
         [   58.648345] cloud-init[966]: +----[SHA256]-----+
Starting Login to default iSCSI targets...
[[0;32m  OK  [0m] Reached target Sockets.
[[0;32m  OK  [0m] Reached target Basic System.
         Starting /etc/rc.local Compatibility...
[[0;32m  OK  [0m] Started ACPI event daemon.
[[0;32m  OK  [0m] Started Deferred execution scheduler.
[[0;32m  OK  [0m] Started D-Bus System Message Bus.
[[0;32m  OK  [0m] Started Unattended Upgrades Shutdown.
         Starting System Logging Service...
         Starting LSB: Record successful boot for GRUB...
         Starting LXD - container startup/shutdown...
         Starting Apply the settings specified in cloud-config...
         Starting LSB: MD monitoring daemon...
         Starting Pollinate to seed the pseudo random number generator...
         Starting Login Service...
[[0;32m  OK  [0m] Started Regular background program processing daemon.
         Starting Accounts Service...
[[0;32m  OK  [0m] Started FUSE filesystem for LXC.
[[0;32m  OK  [0m] Started Snappy daemon.
         Starting Auto import assertions from block devices...
[[0;32m  OK  [0m] Started System Logging Service.
[[0;32m  OK  [0m] Started /etc/rc.local Compatibility.
[[0;32m  OK  [0m] Started LXD - container startup/shutdown.
[[0;32m  OK  [0m] Started Pollinate to seed the pseudo random number generator.
[[0;32m  OK  [0m] Started Auto import assertions from block devices.
[   59.527580] cloud-init[1092]: Generating locales (this might take a while)...
[[0;32m  OK  [0m] Started Login to default iSCSI targets.
[[0;32m  OK  [0m] Started LSB: Record successful boot for GRUB.
[[0;32m  OK  [0m] Started LSB: MD monitoring daemon.
[[0;32m  OK  [0m] Started Login Service.
         Starting Authenticate and Authorize Users to Run Privileged Tasks...
[[0;32m  OK  [0m] Reached target Remote File Systems (Pre).
[[0;32m  OK  [0m] Reached target Remote File Systems.
         Starting LSB: Set the CPU Frequency Scaling governor to "ondemand"...
         Starting LSB: automatic crash report generation...
         Starting LSB: VirtualBox Linux Additions...
         Starting Permit User Sessions...
         Starting LSB: daemon to balance interrupts for SMP systems...
         Starting OpenBSD Secure Shell server...
[[0;32m  OK  [0m] Started OpenBSD Secure Shell server.
[[0;32m  OK  [0m] Started Permit User Sessions.
[[0;32m  OK  [0m] Started Authenticate and Authorize Users to Run Privileged Tasks.
[[0;32m  OK  [0m] Started Accounts Service.
[[0;32m  OK  [0m] Started LSB: Set the CPU Frequency Scaling governor to "ondemand".
[[0;32m  OK  [0m] Started LSB: automatic crash report generation.
[[0;32m  OK  [0m] Started LSB: VirtualBox Linux Additions.
[   60.338957] cloud-init[1092]:   en_US.UTF-8... done
         [   60.485813] Starting Hold until boot process finishes up...cloud-init
[1092]: Generation complete.
         Starting Terminate Plymouth Boot Screen...
[[0;32m  OK  [0m] Started LSB: daemon to balance interrupts for SMP systems.
[[0;32m  OK  [0m] Started Hold until boot process finishes up.
[[0;32m  OK  [0m] Started Terminate Plymouth Boot Screen.
[[0;32m  OK  [0m] Started Getty on tty1.
         Starting Set console scheme...
[[0;32m  OK  [0m] Started Serial Getty on ttyS0.
[[0;32m  OK  [0m] Reached target Login Prompts.
[[0;32m  OK  [0m] Reached target Multi-User System.
[[0;32m  OK  [0m] Reached target Graphical Interface.
         Starting Update UTMP about System Runlevel Changes...
[[0;32m  OK  [0m] Started Set console scheme.
[[0;32m  OK  [0m] Started Update UTMP about System Runlevel Changes.
         Stopping OpenBSD Secure Shell server...
[[0;32m  OK  [0m] Stopped OpenBSD Secure Shell server.
         Starting OpenBSD Secure Shell server...
[[0;32m  OK  [0m] Started OpenBSD Secure Shell server.
[[0;32m  OK  [0m] Created slice User Slice of ubuntu.
         Starting User Manager for UID 1000...
[[0;32m  OK  [0m] Started User Manager for UID 1000.
[[0;32m  OK  [0m] Started Session 1 of user ubuntu.
[   61.385914] cloud-init[1092]: Cloud-init v. 0.7.9 running 'modules:config' at Mon, 29 Jan 2018 16:16:52 +0000. Up 59.41 seconds.
[[0;32m  OK  [0m] Started Apply the settings specified in cloud-config.
         Starting Execute cloud user/final scripts...
ci-info: no authorized ssh keys fingerprints found for user ubuntu.
<14>Jan 29 16:16:54 ec2: 
<14>Jan 29 16:16:54 ec2: #############################################################
<14>Jan 29 16:16:54 ec2: -----BEGIN SSH HOST KEY FINGERPRINTS-----
<14>Jan 29 16:16:54 ec2: 1024 SHA256:+uqCvnGWxdMGjYkT2ds1SxHXYmpFE4wfb7Ag6uU4acg root@ubuntu-xenial (DSA)
<14>Jan 29 16:16:54 ec2: 256 SHA256:NHJiYAzMTP5fNyaX5GZL1zWXlsTQ0ZJJN1XsDv63LaI root@ubuntu-xenial (ECDSA)
<14>Jan 29 16:16:54 ec2: 256 SHA256:I+JoIn6/wQMKWQjMy44c5vJEAU2027/Eg6bOVfuk0ds root@ubuntu-xenial (ED25519)
<14>Jan 29 16:16:54 ec2: 2048 SHA256:Hv88t8UuDpq22QizqJgxA3ri0TUc/Tbc5Fpm1hNn1zY root@ubuntu-xenial (RSA)
<14>Jan 29 16:16:54 ec2: -----END SSH HOST KEY FINGERPRINTS-----
<14>Jan 29 16:16:54 ec2: #############################################################
-----BEGIN SSH HOST KEY KEYS-----
ecdsa-sha2-nistp256 AAAAE2VjZHNhLXNoYTItbmlzdHAyNTYAAAAIbmlzdHAyNTYAAABBBALkuBl5NTE4dxxtxL1PlvfaBuQJNg8dUOtf3/c7weP5MbJurMe5BfMH32Iil5xCcIDE56UU38g16W5yYmT8eDU= root@ubuntu-xenial
ssh-ed25519 AAAAC3NzaC1lZDI1NTE5AAAAIL1ajZTPdCaqyLxYieji+R5aUCSM2udH9UoWkj2pZeOF root@ubuntu-xenial
ssh-rsa AAAAB3NzaC1yc2EAAAADAQABAAABAQDeB3kodiYT5dRd5r3hC1iNHsajNxTOyVQTM8QqQG9TjoupSDEDBq1Oyn5GQNvOFTJ9QhiX+Xrf6XpANDzW/BGpxOSung2zRN9WY5WY6WmQzv/y49G8clLb3R4/QRMk3HD2lpyIrMdpcefA/wWhj7rl+Dd2+c0jGFREV7SSlHhxw/QkNPsLvmeWgLko4Y806CioL4hlQ1ycSWQkBN3XucgGQk2pLT1SdpYuFuIWu+9LLEyvfrR5Xo3ztJjfk3trftW1luRXU/0c8/E4wBtQ7JvK9V58IfsRIGy8jvnc1qHEtokCeBiEljAgWNw1R3WaD9jlwurqJw3Q9SJrmwaqlN+f root@ubuntu-xenial
-----END SSH HOST KEY KEYS-----
[[0;32m  OK  [0m] Started Session 2 of user ubuntu.
[   62.916536] cloud-init[1403]: Cloud-init v. 0.7.9 running 'modules:final' at Mon, 29 Jan 2018 16:16:54 +0000. Up 61.84 seconds.
[   63.078370] cloud-init[1403]: ci-info: no authorized ssh keys fingerprints found for user ubuntu.
[   63.078750] cloud-init[1403]: Cloud-init v. 0.7.9 finished at Mon, 29 Jan 2018 16:16:55 +0000. Datasource DataSourceNoCloud [seed=/dev/sdb][dsmode=net].  Up 62.91 seconds
[[0;32m  OK  [0m] Started Execute cloud user/final scripts.
[[0;32m  OK  [0m] Reached target Cloud-init target.

Ubuntu 16.04.3 LTS ubuntu-xenial ttyS0

ubuntu-xenial login: 